Component: ARM Compiler 5.06 update 5 (build 528) Tool: armlink [4d35e2]

==============================================================================

Section Cross References

    delay.o(i.SysTick_Handler) refers to tasks.o(i.xTaskGetSchedulerState) for xTaskGetSchedulerState
    delay.o(i.SysTick_Handler) refers to port.o(i.xPortSysTickHandler) for xPortSysTickHandler
    delay.o(i.delay_init) refers to misc.o(i.SysTick_CLKSourceConfig) for SysTick_CLKSourceConfig
    delay.o(i.delay_init) refers to system_stm32f10x.o(.data) for SystemCoreClock
    delay.o(i.delay_init) refers to delay.o(.data) for fac_us
    delay.o(i.delay_ms) refers to tasks.o(i.xTaskGetSchedulerState) for xTaskGetSchedulerState
    delay.o(i.delay_ms) refers to tasks.o(i.vTaskDelay) for vTaskDelay
    delay.o(i.delay_ms) refers to delay.o(i.delay_us) for delay_us
    delay.o(i.delay_ms) refers to delay.o(.data) for fac_ms
    delay.o(i.delay_us) refers to delay.o(.data) for fac_us
    delay.o(i.delay_xms) refers to delay.o(i.delay_us) for delay_us
    usart.o(i.USART1_IRQHandler) refers to stm32f10x_usart.o(i.USART_GetITStatus) for USART_GetITStatus
    usart.o(i.USART1_IRQHandler) refers to stm32f10x_usart.o(i.USART_ReceiveData) for USART_ReceiveData
    usart.o(i.USART1_IRQHandler) refers to usart.o(i.USART1_RX_Data) for USART1_RX_Data
    usart.o(i.USART1_IRQHandler) refers to usart.o(.data) for USART_RX_STA
    usart.o(i.USART1_IRQHandler) refers to usart.o(.bss) for USART_RX_BUF
    usart.o(i.USART1_RX_Data) refers to printfa.o(i.__0printf) for __2printf
    usart.o(i.USART1_RX_Data) refers to usart.o(.data) for USART_RX_STA
    usart.o(i.USART1_RX_Data) refers to usart.o(.bss) for USART_RX_BUF
    usart.o(i.uart_init) refers to stm32f10x_rcc.o(i.RCC_APB2PeriphClockCmd) for RCC_APB2PeriphClockCmd
    usart.o(i.uart_init) refers to stm32f10x_gpio.o(i.GPIO_Init) for GPIO_Init
    usart.o(i.uart_init) refers to misc.o(i.NVIC_Init) for NVIC_Init
    usart.o(i.uart_init) refers to stm32f10x_usart.o(i.USART_Init) for USART_Init
    usart.o(i.uart_init) refers to stm32f10x_usart.o(i.USART_ITConfig) for USART_ITConfig
    usart.o(i.uart_init) refers to stm32f10x_usart.o(i.USART_Cmd) for USART_Cmd
    startup_stm32f10x_hd.o(RESET) refers to startup_stm32f10x_hd.o(STACK) for __initial_sp
    startup_stm32f10x_hd.o(RESET) refers to startup_stm32f10x_hd.o(.text) for Reset_Handler
    startup_stm32f10x_hd.o(RESET) refers to stm32f10x_it.o(i.NMI_Handler) for NMI_Handler
    startup_stm32f10x_hd.o(RESET) refers to stm32f10x_it.o(i.HardFault_Handler) for HardFault_Handler
    startup_stm32f10x_hd.o(RESET) refers to stm32f10x_it.o(i.MemManage_Handler) for MemManage_Handler
    startup_stm32f10x_hd.o(RESET) refers to stm32f10x_it.o(i.BusFault_Handler) for BusFault_Handler
    startup_stm32f10x_hd.o(RESET) refers to stm32f10x_it.o(i.UsageFault_Handler) for UsageFault_Handler
    startup_stm32f10x_hd.o(RESET) refers to port.o(.emb_text) for SVC_Handler
    startup_stm32f10x_hd.o(RESET) refers to stm32f10x_it.o(i.DebugMon_Handler) for DebugMon_Handler
    startup_stm32f10x_hd.o(RESET) refers to delay.o(i.SysTick_Handler) for SysTick_Handler
    startup_stm32f10x_hd.o(RESET) refers to encoder.o(i.EXTI1_IRQHandler) for EXTI1_IRQHandler
    startup_stm32f10x_hd.o(RESET) refers to wifi_app_playtask.o(i.TIM1_UP_IRQHandler) for TIM1_UP_IRQHandler
    startup_stm32f10x_hd.o(RESET) refers to tim3_cap.o(i.TIM2_IRQHandler) for TIM2_IRQHandler
    startup_stm32f10x_hd.o(RESET) refers to usart.o(i.USART1_IRQHandler) for USART1_IRQHandler
    startup_stm32f10x_hd.o(RESET) refers to usart2.o(i.USART2_IRQHandler) for USART2_IRQHandler
    startup_stm32f10x_hd.o(RESET) refers to hal_uart3.o(i.USART3_IRQHandler) for USART3_IRQHandler
    startup_stm32f10x_hd.o(RESET) refers to sdio_sdcard.o(i.SDIO_IRQHandler) for SDIO_IRQHandler
    startup_stm32f10x_hd.o(RESET) refers to usart4.o(i.UART4_IRQHandler) for UART4_IRQHandler
    startup_stm32f10x_hd.o(RESET) refers to tim7.o(i.TIM7_IRQHandler) for TIM7_IRQHandler
    startup_stm32f10x_hd.o(.text) refers to system_stm32f10x.o(i.SystemInit) for SystemInit
    startup_stm32f10x_hd.o(.text) refers to entry.o(.ARM.Collect$$$$00000000) for __main
    stm32f10x_adc.o(i.ADC_DeInit) refers to stm32f10x_rcc.o(i.RCC_APB2PeriphResetCmd) for RCC_APB2PeriphResetCmd
    stm32f10x_flash.o(i.FLASH_EnableWriteProtection) refers to stm32f10x_flash.o(i.FLASH_WaitForLastOperation) for FLASH_WaitForLastOperation
    stm32f10x_flash.o(i.FLASH_EraseAllBank1Pages) refers to stm32f10x_flash.o(i.FLASH_WaitForLastBank1Operation) for FLASH_WaitForLastBank1Operation
    stm32f10x_flash.o(i.FLASH_EraseAllPages) refers to stm32f10x_flash.o(i.FLASH_WaitForLastOperation) for FLASH_WaitForLastOperation
    stm32f10x_flash.o(i.FLASH_EraseOptionBytes) refers to stm32f10x_flash.o(i.FLASH_GetReadOutProtectionStatus) for FLASH_GetReadOutProtectionStatus
[...]
    USART_ITConfig                           0x08008a51   Thumb Code    74  stm32f10x_usart.o(i.USART_ITConfig)
    USART_Init                               0x08008a9d   Thumb Code   210  stm32f10x_usart.o(i.USART_Init)
    USART_ReceiveData                        0x08008b75   Thumb Code    10  stm32f10x_usart.o(i.USART_ReceiveData)
    USART_SendData                           0x08008b7f   Thumb Code     8  stm32f10x_usart.o(i.USART_SendData)
    USER_DataAnalysisProcess                 0x08008b89   Thumb Code   362  wifi_app_playtask.o(i.USER_DataAnalysisProcess)
    UsageFault_Handler                       0x08008eb1   Thumb Code     4  stm32f10x_it.o(i.UsageFault_Handler)
    Usart2_Init                              0x08008eb5   Thumb Code   166  usart2.o(i.Usart2_Init)
    W25Q64_Init                              0x08008f65   Thumb Code     8  w25q64.o(i.W25Q64_Init)
    W25QXX_Erase_Sector                      0x08008f6d   Thumb Code    70  w25qxx.o(i.W25QXX_Erase_Sector)
    W25QXX_Init                              0x08008fc5   Thumb Code    74  w25qxx.o(i.W25QXX_Init)
    W25QXX_Read                              0x0800901d   Thumb Code    74  w25qxx.o(i.W25QXX_Read)
    W25QXX_ReadID                            0x0800906d   Thumb Code    64  w25qxx.o(i.W25QXX_ReadID)
    W25QXX_ReadSR                            0x080090b5   Thumb Code    36  w25qxx.o(i.W25QXX_ReadSR)
    W25QXX_Wait_Busy                         0x080090e1   Thumb Code    18  w25qxx.o(i.W25QXX_Wait_Busy)
    W25QXX_Write                             0x080090f5   Thumb Code   180  w25qxx.o(i.W25QXX_Write)
    W25QXX_Write_Enable                      0x080091ad   Thumb Code    24  w25qxx.o(i.W25QXX_Write_Enable)
    W25QXX_Write_NoCheck                     0x080091cd   Thumb Code    70  w25qxx.o(i.W25QXX_Write_NoCheck)
    W25QXX_Write_Page                        0x08009215   Thumb Code    80  w25qxx.o(i.W25QXX_Write_Page)
    __0printf                                0x08009269   Thumb Code    22  printfa.o(i.__0printf)
    __1printf                                0x08009269   Thumb Code     0  printfa.o(i.__0printf)
    __2printf                                0x08009269   Thumb Code     0  printfa.o(i.__0printf)
    __c89printf                              0x08009269   Thumb Code     0  printfa.o(i.__0printf)
    printf                                   0x08009269   Thumb Code     0  printfa.o(i.__0printf)
    __0sprintf                               0x08009289   Thumb Code    34  printfa.o(i.__0sprintf)
    __1sprintf                               0x08009289   Thumb Code     0  printfa.o(i.__0sprintf)
    __2sprintf                               0x08009289   Thumb Code     0  printfa.o(i.__0sprintf)
    __c89sprintf                             0x08009289   Thumb Code     0  printfa.o(i.__0sprintf)
    sprintf                                  0x08009289   Thumb Code     0  printfa.o(i.__0sprintf)
    __0vsprintf                              0x080092b1   Thumb Code    30  printfa.o(i.__0vsprintf)
    __1vsprintf                              0x080092b1   Thumb Code     0  printfa.o(i.__0vsprintf)
    __2vsprintf                              0x080092b1   Thumb Code     0  printfa.o(i.__0vsprintf)
    __c89vsprintf                            0x080092b1   Thumb Code     0  printfa.o(i.__0vsprintf)
    vsprintf                                 0x080092b1   Thumb Code     0  printfa.o(i.__0vsprintf)
    __aeabi_errno_addr                       0x080092d5   Thumb Code     4  errno.o(i.__aeabi_errno_addr)
    __rt_errno_addr                          0x080092d5   Thumb Code     0  errno.o(i.__aeabi_errno_addr)
    __scatterload_copy                       0x080092dd   Thumb Code    14  handlers.o(i.__scatterload_copy)
    __scatterload_null                       0x080092eb   Thumb Code     2  handlers.o(i.__scatterload_null)
    __scatterload_zeroinit                   0x080092ed   Thumb Code    14  handlers.o(i.__scatterload_zeroinit)
    actuator_app_init                        0x08009bb9   Thumb Code    28  actuator_app_playtask.o(i.actuator_app_init)
    actuator_app_play_TASK                   0x08009bd5   Thumb Code   226  actuator_app_playtask.o(i.actuator_app_play_TASK)
    adc_gpio_init                            0x08009d09   Thumb Code    52  adc.o(i.adc_gpio_init)
    adc_init                                 0x08009d45   Thumb Code   104  adc.o(i.adc_init)
    beep_play                                0x08009db1   Thumb Code    58  beep.o(i.beep_play)
    clust2sect                               0x08009ecf   Thumb Code    26  ff.o(i.clust2sect)
    convert_from_bytes_to_power_of_two       0x08009f79   Thumb Code    18  sdio_sdcard.o(i.convert_from_bytes_to_power_of_two)
    convert_timestamp_to_time                0x08009f8d   Thumb Code    86  wifi_app_playtask.o(i.convert_timestamp_to_time)
    delay_init                               0x0800a33d   Thumb Code    74  delay.o(i.delay_init)
    delay_ms                                 0x0800a399   Thumb Code    60  delay.o(i.delay_ms)
    delay_us                                 0x0800a3d9   Thumb Code    68  delay.o(i.delay_us)
    dir_sdi                                  0x0800a79f   Thumb Code   158  ff.o(i.dir_sdi)
    disk_initialize                          0x0800a83d   Thumb Code    52  diskio.o(i.disk_initialize)
    disk_ioctl                               0x0800a875   Thumb Code   170  diskio.o(i.disk_ioctl)
    disk_read                                0x0800a929   Thumb Code   122  diskio.o(i.disk_read)
    disk_status                              0x0800a9a3   Thumb Code     6  diskio.o(i.disk_status)
    disk_write                               0x0800a9a9   Thumb Code   122  diskio.o(i.disk_write)
    exfuns_init                              0x0800aa25   Thumb Code   114  exfuns.o(i.exfuns_init)
    f_close                                  0x0800aaa9   Thumb Code    32  ff.o(i.f_close)
    f_mount                                  0x0800aac9   Thumb Code    86  ff.o(i.f_mount)
    f_open                                   0x0800ab25   Thumb Code   384  ff.o(i.f_open)
    f_read                                   0x0800aca5   Thumb Code   432  ff.o(i.f_read)
    f_sync                                   0x0800ae55   Thumb Code   176  ff.o(i.f_sync)
    ff_convert                               0x0800af05   Thumb Code   146  mycc936.o(i.ff_convert)
    ff_memalloc                              0x0800af9d   Thumb Code    14  diskio.o(i.ff_memalloc)
    ff_memfree                               0x0800afab   Thumb Code    14  diskio.o(i.ff_memfree)
    ff_wtoupper                              0x0800afb9   Thumb Code    46  mycc936.o(i.ff_wtoupper)
    font_init                                0x0800b495   Thumb Code    64  fontupd.o(i.font_init)
    fputc                                    0x0800b4d9   Thumb Code    24  usart.o(i.fputc)
    free                                     0x0800b4f5   Thumb Code    76  malloc.o(i.free)
    fupd_prog                                0x0800b545   Thumb Code   134  fontupd.o(i.fupd_prog)
    get_fat                                  0x0800b6a1   Thumb Code   242  ff.o(i.get_fat)
    get_fattime                              0x0800b793   Thumb Code     4  diskio.o(i.get_fattime)
    keyScanInd                               0x0800b7e1   Thumb Code   226  key1.o(i.keyScanInd)
    key_init                                 0x0800b8e9   Thumb Code    68  key1.o(i.key_init)
    lcd_app_darw_main                        0x0800b931   Thumb Code   460  lcd_app_playtask.o(i.lcd_app_darw_main)
    lcd_app_play_TASK                        0x0800bbed   Thumb Code   666  lcd_app_playtask.o(i.lcd_app_play_TASK)
    main                                     0x0800becd   Thumb Code   112  main.o(i.main)
    malloc                                   0x0800bf59   Thumb Code    92  malloc.o(i.malloc)
    my_LED1_Init                             0x0800c04d   Thumb Code    68  led.o(i.my_LED1_Init)
    my_LED_Init                              0x0800c095   Thumb Code    40  led.o(i.my_LED_Init)
    my_mem_free                              0x0800c0c1   Thumb Code    96  malloc.o(i.my_mem_free)
    my_mem_init                              0x0800c12d   Thumb Code    54  malloc.o(i.my_mem_init)
    my_mem_malloc                            0x0800c171   Thumb Code   156  malloc.o(i.my_mem_malloc)
    my_mem_perused                           0x0800c219   Thumb Code    54  malloc.o(i.my_mem_perused)
    myfree                                   0x0800c259   Thumb Code    30  malloc.o(i.myfree)
    mymalloc                                 0x0800c27d   Thumb Code    34  malloc.o(i.mymalloc)
    mymemset                                 0x0800c2a5   Thumb Code    20  malloc.o(i.mymemset)
    put_fat                                  0x0800cd9d   Thumb Code   322  ff.o(i.put_fat)
    pvPortMalloc                             0x0800cee1   Thumb Code   262  heap_4.o(i.pvPortMalloc)
    pvTaskIncrementMutexHeldCount            0x0800d031   Thumb Code    26  tasks.o(i.pvTaskIncrementMutexHeldCount)
    pxPortInitialiseStack                    0x0800d051   Thumb Code    30  port.o(i.pxPortInitialiseStack)
    read_adc_value                           0x0800d075   Thumb Code    52  adc.o(i.read_adc_value)
    sensor_app_init                          0x0800d119   Thumb Code    34  get_sensors_datatask.o(i.sensor_app_init)
    start_task                               0x0800d165   Thumb Code   134  main.o(i.start_task)
    substringMatch                           0x0800d29d   Thumb Code    78  wifi_app_playtask.o(i.substringMatch)
    substringMatch1                          0x0800d2eb   Thumb Code    78  hal_uart3.o(i.substringMatch1)
    u2_printf                                0x0800d475   Thumb Code    84  usart2.o(i.u2_printf)
    uart_init                                0x0800d4d1   Thumb Code   152  usart.o(i.uart_init)
    updata_fontx                             0x0800d571   Thumb Code   346  fontupd.o(i.updata_fontx)
    update_font                              0x0800d6d5   Thumb Code   784  fontupd.o(i.update_font)
    user_app_init                            0x0800da69   Thumb Code    12  user_app_playtask.o(i.user_app_init)
    user_app_play_TASK                       0x0800da75   Thumb Code   264  user_app_playtask.o(i.user_app_play_TASK)
    uxListRemove                             0x0800dc21   Thumb Code    40  list.o(i.uxListRemove)
    vListInitialise                          0x0800dc49   Thumb Code    26  list.o(i.vListInitialise)
    vListInitialiseItem                      0x0800dc63   Thumb Code     6  list.o(i.vListInitialiseItem)
    vListInsert                              0x0800dc69   Thumb Code    52  list.o(i.vListInsert)
    vListInsertEnd                           0x0800dc9d   Thumb Code    24  list.o(i.vListInsertEnd)
    vPortEnterCritical                       0x0800dcb5   Thumb Code    68  port.o(i.vPortEnterCritical)
    vPortExitCritical                        0x0800dd39   Thumb Code    48  port.o(i.vPortExitCritical)
    vPortFree                                0x0800dda5   Thumb Code   120  heap_4.o(i.vPortFree)
    vPortSetupTimerInterrupt                 0x0800de59   Thumb Code    26  port.o(i.vPortSetupTimerInterrupt)
    vPortValidateInterruptPriority           0x0800de79   Thumb Code    86  port.o(i.vPortValidateInterruptPriority)
    vQueueAddToRegistry                      0x0800df15   Thumb Code    38  queue.o(i.vQueueAddToRegistry)
    vQueueWaitForMessageRestricted           0x0800df41   Thumb Code    74  queue.o(i.vQueueWaitForMessageRestricted)
    vTaskDelay                               0x0800df8d   Thumb Code    72  tasks.o(i.vTaskDelay)
    vTaskDelete                              0x0800e001   Thumb Code   192  tasks.o(i.vTaskDelete)
    vTaskMissedYield                         0x0800e10d   Thumb Code     8  tasks.o(i.vTaskMissedYield)
    vTaskPlaceOnEventList                    0x0800e119   Thumb Code    42  tasks.o(i.vTaskPlaceOnEventList)
    vTaskPlaceOnEventListRestricted          0x0800e16d   Thumb Code    50  tasks.o(i.vTaskPlaceOnEventListRestricted)
    vTaskPriorityInherit                     0x0800e1c9   Thumb Code   164  tasks.o(i.vTaskPriorityInherit)
    vTaskSetTimeOutState                     0x0800e279   Thumb Code    32  tasks.o(i.vTaskSetTimeOutState)
    vTaskStartScheduler                      0x0800e2c5   Thumb Code   108  tasks.o(i.vTaskStartScheduler)
    vTaskSuspendAll                          0x0800e371   Thumb Code    12  tasks.o(i.vTaskSuspendAll)
    vTaskSwitchContext                       0x0800e381   Thumb Code   110  tasks.o(i.vTaskSwitchContext)
    wifi_app_init                            0x0800e461   Thumb Code    58  wifi_app_playtask.o(i.wifi_app_init)
    wifi_app_play_TASK                       0x0800e4a5   Thumb Code   608  wifi_app_playtask.o(i.wifi_app_play_TASK)
    wifi_connect                             0x0800e9e9   Thumb Code   138  wifi_app_playtask.o(i.wifi_connect)
    xPortStartScheduler                      0x0800eadd   Thumb Code   140  port.o(i.xPortStartScheduler)
    xPortSysTickHandler                      0x0800eb7d   Thumb Code    46  port.o(i.xPortSysTickHandler)
    xQueueGenericCreate                      0x0800ebb1   Thumb Code    78  queue.o(i.xQueueGenericCreate)
    xQueueGenericReceive                     0x0800ec25   Thumb Code   416  queue.o(i.xQueueGenericReceive)
    xQueueGenericReset                       0x0800eded   Thumb Code   136  queue.o(i.xQueueGenericReset)
    xQueueGenericSend                        0x0800ee9d   Thumb Code   412  queue.o(i.xQueueGenericSend)
    xQueueGenericSendFromISR                 0x0800f061   Thumb Code   234  queue.o(i.xQueueGenericSendFromISR)
    xTaskCheckForTimeOut                     0x0800f171   Thumb Code   116  tasks.o(i.xTaskCheckForTimeOut)
    xTaskCreate                              0x0800f211   Thumb Code    96  tasks.o(i.xTaskCreate)
    xTaskGetSchedulerState                   0x0800f271   Thumb Code    24  tasks.o(i.xTaskGetSchedulerState)
    xTaskGetTickCount                        0x0800f291   Thumb Code     6  tasks.o(i.xTaskGetTickCount)
    xTaskIncrementTick                       0x0800f29d   Thumb Code   272  tasks.o(i.xTaskIncrementTick)
    xTaskPriorityDisinherit                  0x0800f3fd   Thumb Code   168  tasks.o(i.xTaskPriorityDisinherit)
    xTaskRemoveFromEventList                 0x0800f4d5   Thumb Code   118  tasks.o(i.xTaskRemoveFromEventList)
    xTaskResumeAll                           0x0800f589   Thumb Code   214  tasks.o(i.xTaskResumeAll)
    xTimerCreateTimerTask                    0x0800f6a9   Thumb Code    56  timers.o(i.xTimerCreateTimerTask)
    xTimerGenericCommand                     0x0800f719   Thumb Code   118  timers.o(i.xTimerGenericCommand)
    memtblsize                               0x0800f7b8   Data           8  malloc.o(.constdata)
    memblksize                               0x0800f7c0   Data           8  malloc.o(.constdata)
    memsize                                  0x0800f7c8   Data           8  malloc.o(.constdata)
    GBK24_PATH                               0x0800fbcc   Data           4  fontupd.o(.constdata)
    GBK16_PATH                               0x0800fbd0   Data           4  fontupd.o(.constdata)
    GBK12_PATH                               0x0800fbd4   Data           4  fontupd.o(.constdata)
    UNIGBK_PATH                              0x0800fbd8   Data           4  fontupd.o(.constdata)
    title                                    0x0800fbdc   Data         660  lcd_app_playtask.o(.constdata)
    title1                                   0x0800fe70   Data         160  lcd_app_playtask.o(.constdata)
    fenghao                                  0x0800ff10   Data          32  lcd_app_playtask.o(.constdata)
    cheliangID                               0x0800ff30   Data         128  lcd_app_playtask.o(.constdata)
    dianciID                                 0x0800ffb0   Data         128  lcd_app_playtask.o(.constdata)
    guangzhaodu                              0x08010030   Data          96  lcd_app_playtask.o(.constdata)
    GPSdingwei                               0x08010090   Data         160  lcd_app_playtask.o(.constdata)
    cheliangzhuangkuang                      0x08010130   Data         128  lcd_app_playtask.o(.constdata)
    chelunshudu                              0x080101b0   Data         128  lcd_app_playtask.o(.constdata)
    cheliangdianliu                          0x08010230   Data         128  lcd_app_playtask.o(.constdata)
    qidongdianya                             0x080102b0   Data         128  lcd_app_playtask.o(.constdata)
    yunxingdianya                            0x08010330   Data         128  lcd_app_playtask.o(.constdata)
    dianyabodong                             0x080103b0   Data         128  lcd_app_playtask.o(.constdata)
    qidongwendu                              0x08010430   Data         128  lcd_app_playtask.o(.constdata)
    yunxingwendu                             0x080104b0   Data         128  lcd_app_playtask.o(.constdata)
    wendubodong                              0x08010530   Data         128  lcd_app_playtask.o(.constdata)
    guzhang                                  0x080105b0   Data          64  lcd_app_playtask.o(.constdata)
    chedeng                                  0x080105f0   Data          64  lcd_app_playtask.o(.constdata)
    zhuangxiang                              0x08010630   Data          64  lcd_app_playtask.o(.constdata)
    wangluo                                  0x08010670   Data          64  lcd_app_playtask.o(.constdata)
    zhuoyou                                  0x080106b0   Data          96  lcd_app_playtask.o(.constdata)
    main_page                                0x08010710   Data        9600  lcd_app_playtask.o(.constdata)
    asc2_1206                                0x08012c90   Data        1140  lcd.o(.constdata)
    asc2_1608                                0x08013104   Data        1520  lcd.o(.constdata)
    asc2_2412                                0x080136f4   Data        3420  lcd.o(.constdata)
    __ctype_table                            0x08014450   Data         129  ctype_o.o(.constdata)
    Region$$Table$$Base                      0x08014d14   Number         0  anon$$obj.o(Region$$Table)
    Region$$Table$$Limit                     0x08014d34   Number         0  anon$$obj.o(Region$$Table)
    __stdout                                 0x20000004   Data           4  usart.o(.data)
    USART_RX_STA                             0x20000008   Data           2  usart.o(.data)
    pxCurrentTCB                             0x20000020   Data           4  tasks.o(.data)
    mallco_dev                               0x20000094   Data          28  malloc.o(.data)
    fs                                       0x200000b0   Data           8  exfuns.o(.data)
    file                                     0x200000b8   Data           4  exfuns.o(.data)
    ftemp                                    0x200000bc   Data           4  exfuns.o(.data)
    br                                       0x200000c0   Data           4  exfuns.o(.data)
    bw                                       0x200000c4   Data           4  exfuns.o(.data)
    fatbuf                                   0x200000c8   Data           4  exfuns.o(.data)
    FLASH_SECTOR_COUNT                       0x200000cc   Data           2  diskio.o(.data)
    start                                    0x200000dc   Data           4  get_sensors_datatask.o(.data)
    RFID_status                              0x200000e0   Data           1  get_sensors_datatask.o(.data)
    RxBuffer                                 0x200000e1   Data           4  get_sensors_datatask.o(.data)
    buffer                                   0x200000e8   Data           4  get_sensors_datatask.o(.data)
    buffer2                                  0x200000ec   Data           4  get_sensors_datatask.o(.data)
    Card_ID                                  0x200000f0   Data           4  get_sensors_datatask.o(.data)
    direction_model                          0x200000f4   Data           4  user_app_playtask.o(.data)
    Light                                    0x200000f8   Data           4  user_app_playtask.o(.data)
    Temp_Set                                 0x200000fc   Data           1  user_app_playtask.o(.data)
    Drink_over                               0x20000100   Data           4  user_app_playtask.o(.data)
    wificonnect                              0x20000104   Data           4  user_app_playtask.o(.data)
    TEXT_Buffer_temp                         0x20000108   Data           2  user_app_playtask.o(.data)
    datatamp                                 0x2000010a   Data           4  user_app_playtask.o(.data)
    keyValueTemp                             0x2000010e   Data           1  user_app_playtask.o(.data)
    SAVE_ADDR                                0x20000110   Data           4  wifi_app_playtask.o(.data)
    timestamp                                0x20000114   Data           4  wifi_app_playtask.o(.data)
    hours                                    0x20000118   Data           4  wifi_app_playtask.o(.data)
    minutes                                  0x2000011c   Data           4  wifi_app_playtask.o(.data)
    seconds                                  0x20000120   Data           4  wifi_app_playtask.o(.data)
    lock                                     0x20000124   Data           1  wifi_app_playtask.o(.data)
    TimeCount                                0x20000128   Data           4  wifi_app_playtask.o(.data)
    i                                        0x2000012c   Data           4  beep.o(.data)
    TIM3_RES                                 0x20000138   Data           4  tim3_cap.o(.data)
    TIM3_CAP                                 0x2000013c   Data           2  tim3_cap.o(.data)
    TIM3_FLAG                                0x2000013e   Data           1  tim3_cap.o(.data)
    TIM2CH1_CAPTURE_STA                      0x2000013f   Data           1  tim3_cap.o(.data)
    TIM2CH1_CAPTURE_VAL                      0x20000140   Data           2  tim3_cap.o(.data)
    Usart2_RxCompleted                       0x20000144   Data           1  usart2.o(.data)
    Usart2_RxCounter                         0x20000148   Data           4  usart2.o(.data)
    UART4_RX_COUNT                           0x2000014c   Data           2  usart4.o(.data)
    F_UART4_RX_FINISH                        0x2000014e   Data           1  usart4.o(.data)
    F_UART4_RX_RECEIVING                     0x2000014f   Data           1  usart4.o(.data)
    UART4_RX_TIMEOUT_COUNT                   0x20000150   Data           1  usart4.o(.data)
    POINT_COLOR                              0x20000152   Data           2  lcd.o(.data)
    BACK_COLOR                               0x20000154   Data           2  lcd.o(.data)
    USART3_RX_STA                            0x20000158   Data           4  hal_uart3.o(.data)
    USART3_RX_COUNT                          0x2000015c   Data           2  hal_uart3.o(.data)
    F_USART3_RX_FINISH                       0x2000015e   Data           1  hal_uart3.o(.data)
    F_USART3_RX_RECEIVING                    0x2000015f   Data           1  hal_uart3.o(.data)
    USART3_RX_TIMEOUT_COUNT                  0x20000160   Data           1  hal_uart3.o(.data)
    TransferError                            0x2000016e   Data           1  sdio_sdcard.o(.data)
    TransferEnd                              0x2000016f   Data           1  sdio_sdcard.o(.data)
    tempbuff                                 0x20000170   Data           4  sdio_sdcard.o(.data)
    W25QXX_TYPE                              0x20000174   Data           2  w25qxx.o(.data)
    Encoder_Count                            0x20000176   Data           2  encoder.o(.data)
    IWDG_Task_Handler                        0x20000178   Data           4  main.o(.data)
    StartTask_Handler                        0x2000017c   Data           4  main.o(.data)
    Get_Sensors_DataTask_Handler             0x20000180   Data           4  main.o(.data)
    lcd_app_playTask_Handler                 0x20000184   Data           4  main.o(.data)
    user_app_playTask_Handler                0x20000188   Data           4  main.o(.data)
    actuator_app_playTask_Handler            0x2000018c   Data           4  main.o(.data)
    wifi_app_playTask_Handler                0x20000190   Data           4  main.o(.data)
    model                                    0x20000194   Data           1  main.o(.data)
    temp1_set                                0x20000195   Data           1  main.o(.data)
    temp2_set                                0x20000196   Data           1  main.o(.data)
    shine_set                                0x20000197   Data           1  main.o(.data)
    a                                        0x20000198   Data           4  main.o(.data)
    b                                        0x2000019c   Data           4  main.o(.data)
    SystemCoreClock                          0x200001a0   Data           4  system_stm32f10x.o(.data)
    AHBPrescTable                            0x200001a4   Data          16  system_stm32f10x.o(.data)
    __microlib_freelist                      0x200001b4   Data           4  mvars.o(.data)
    __microlib_freelist_initialised          0x200001b8   Data           4  mvars.o(.data)
    USART_RX_BUF                             0x200001c0   Data         200  usart.o(.bss)
    USART_RX_GPS                             0x20000288   Data         200  usart.o(.bss)
    xQueueRegistry                           0x20000350   Data          64  queue.o(.bss)
    mem1base                                 0x200042a0   Data       30720  malloc.o(.bss)
    mem1mapbase                              0x2000baa0   Data        1920  malloc.o(.bss)
    ftinfo                                   0x2000c220   Data          33  fontupd.o(.bss)
    Last_Sensor_Data                         0x2000c244   Data         116  wifi_app_playtask.o(.bss)
    Sensor_Data                              0x2000c2b8   Data         116  wifi_app_playtask.o(.bss)
    TEXT_Buffer                              0x2000c32c   Data          16  wifi_app_playtask.o(.bss)
    Read_Buffer                              0x2000c33c   Data          16  wifi_app_playtask.o(.bss)
    UART_RX_BUF                              0x2000c34c   Data         256  wifi_app_playtask.o(.bss)
    UART_TX_BUF                              0x2000c44c   Data         256  wifi_app_playtask.o(.bss)
    IpData                                   0x2000c54c   Data         128  wifi_app_playtask.o(.bss)
    STMFLASH_BUF                             0x2000c5d6   Data        2048  stmflash.o(.bss)
    Usart2_RxBuff                            0x2000cdd8   Data        1024  usart2.o(.bss)
    USART2_TxBuff                            0x2000d1d8   Data        1024  usart2.o(.bss)
    UART4_RX_BUF                             0x2000d5d8   Data         256  usart4.o(.bss)
    UART4_RX_Bluetooth                       0x2000d6d8   Data         256  usart4.o(.bss)
    lcddev                                   0x2000d7d8   Data          14  lcd.o(.bss)
    USART3_RX_GPS                            0x2000d7e6   Data         255  hal_uart3.o(.bss)
    USART3_RX_BUF                            0x2000d8e5   Data         255  hal_uart3.o(.bss)
    SDIO_InitStructure                       0x2000d9e8   Data          24  sdio_sdcard.o(.bss)
    SDIO_CmdInitStructure                    0x2000da00   Data          20  sdio_sdcard.o(.bss)
    SDIO_DataInitStructure                   0x2000da14   Data          24  sdio_sdcard.o(.bss)
    SDCardInfo                               0x2000da50   Data          88  sdio_sdcard.o(.bss)
    SDIO_DATA_BUFFER                         0x2000daa8   Data         512  sdio_sdcard.o(.bss)
    W25QXX_BUFFER                            0x2000dca8   Data        4096  w25qxx.o(.bss)
    __heap_base                              0x2000eca8   Data           0  startup_stm32f10x_hd.o(HEAP)
    __heap_limit                             0x2000eea8   Data           0  startup_stm32f10x_hd.o(HEAP)
    __initial_sp                             0x2000f2a8   Data           0  startup_stm32f10x_hd.o(STACK)
    mem2base                                 0x68000000   Data       98304  malloc.o(.ARM.__AT_0x68000000)
    mem2mapbase                              0x68018000   Data        6144  malloc.o(.ARM.__AT_0x68018000)



==============================================================================

Memory Map of the image

  Image Entry point : 0x08000131

  Load Region LR_IROM1 (Base: 0x08000000, Size: 0x00014ef4, Max: 0x00080000, ABSOLUTE, COMPRESSED[0x00014d94])

    Execution Region ER_IROM1 (Exec base: 0x08000000, Load base: 0x08000000, Size: 0x00014d34, Max: 0x00080000, ABSOLUTE)

    Exec Addr    Load Addr    Size         Type   Attr      Idx    E Section Name        Object

    0x08000000   0x08000000   0x00000130   Data   RO          268    RESET               startup_stm32f10x_hd.o
    0x08000130   0x08000130   0x00000000   Code   RO         6170  * .ARM.Collect$$$$00000000  mc_w.l(entry.o)
    0x08000130   0x08000130   0x00000004   Code   RO         6502    .ARM.Collect$$$$00000001  mc_w.l(entry2.o)
    0x08000134   0x08000134   0x00000004   Code   RO         6505    .ARM.Collect$$$$00000004  mc_w.l(entry5.o)
    0x08000138   0x08000138   0x00000000   Code   RO         6507    .ARM.Collect$$$$00000008  mc_w.l(entry7b.o)
    0x08000138   0x08000138   0x00000000   Code   RO         6509    .ARM.Collect$$$$0000000A  mc_w.l(entry8b.o)
    0x08000138   0x08000138   0x00000008   Code   RO         6510    .ARM.Collect$$$$0000000B  mc_w.l(entry9a.o)
    0x08000140   0x08000140   0x00000000   Code   RO         6512    .ARM.Collect$$$$0000000D  mc_w.l(entry10a.o)
    0x08000140   0x08000140   0x00000000   Code   RO         6514    .ARM.Collect$$$$0000000F  mc_w.l(entry11a.o)
    0x08000140   0x08000140   0x00000004   Code   RO         6503    .ARM.Collect$$$$00002712  mc_w.l(entry2.o)
    0x08000144   0x08000144   0x00000096   Code   RO         3300    .emb_text           port.o
    0x080001da   0x080001da   0x00000002   PAD
    0x080001dc   0x080001dc   0x00000024   Code   RO          269    .text               startup_stm32f10x_hd.o
    0x08000200   0x08000200   0x00000062   Code   RO         6173    .text               mc_w.l(ldiv.o)
    0x08000262   0x08000262   0x00000024   Code   RO         6175    .text               mc_w.l(memcpya.o)
    0x08000286   0x08000286   0x00000024   Code   RO         6177    .text               mc_w.l(memseta.o)
    0x080002aa   0x080002aa   0x00000018   Code   RO         6179    .text               mc_w.l(strcat.o)
    0x080002c2   0x080002c2   0x00000024   Code   RO         6181    .text               mc_w.l(strstr.o)
    0x080002e6   0x080002e6   0x00000018   Code   RO         6183    .text               mc_w.l(strncpy.o)
    0x080002fe   0x080002fe   0x0000000e   Code   RO         6185    .text               mc_w.l(strlen.o)
    0x0800030c   0x0800030c   0x00000012   Code   RO         6189    .text               mc_w.l(strcpy.o)
    0x0800031e   0x0800031e   0x00000070   Code   RO         6482    .text               mc_w.l(strtol.o)
    0x0800038e   0x0800038e   0x0000001a   Code   RO         6484    .text               mc_w.l(atoi.o)
    0x080003a8   0x080003a8   0x00000064   Code   RO         6486    .text               mf_w.l(fmul.o)
    0x0800040c   0x0800040c   0x0000007c   Code   RO         6488    .text               mf_w.l(fdiv.o)
    0x08000488   0x08000488   0x000000e4   Code   RO         6490    .text               mf_w.l(dmul.o)
    0x0800056c   0x0800056c   0x0000000a   Code   RO         6492    .text               mf_w.l(ffltui.o)
    0x08000576   0x08000576   0x0000001a   Code   RO         6494    .text               mf_w.l(dfltui.o)
    0x08000590   0x08000590   0x00000028   Code   RO         6496    .text               mf_w.l(ffixui.o)
    0x080005b8   0x080005b8   0x00000032   Code   RO         6498    .text               mf_w.l(dfixui.o)
    0x080005ea   0x080005ea   0x00000002   PAD
    0x080005ec   0x080005ec   0x00000014   Code   RO         6500    .text               mf_w.l(cfcmple.o)
    0x08000600   0x08000600   0x0000002c   Code   RO         6516    .text               mc_w.l(uidiv.o)
    0x0800062c   0x0800062c   0x00000062   Code   RO         6518    .text               mc_w.l(uldiv.o)
    0x0800068e   0x0800068e   0x00000020   Code   RO         6520    .text               mc_w.l(llushr.o)
    0x080006ae   0x080006ae   0x00000002   PAD
    0x080006b0   0x080006b0   0x00000008   Code   RO         6522    .text               mc_w.l(ctype_o.o)
    0x080006b8   0x080006b8   0x0000009e   Code   RO         6559    .text               mc_w.l(_strtoul.o)
    0x08000756   0x08000756   0x00000000   Code   RO         6561    .text               mc_w.l(iusefp.o)
    0x08000756   0x08000756   0x0000006e   Code   RO         6562    .text               mf_w.l(fepilogue.o)
    0x080007c4   0x080007c4   0x000000ba   Code   RO         6564    .text               mf_w.l(depilogue.o)
    0x0800087e   0x0800087e   0x0000014e   Code   RO         6566    .text               mf_w.l(dadd.o)
    0x080009cc   0x080009cc   0x000000de   Code   RO         6568    .text               mf_w.l(ddiv.o)
    0x08000aaa   0x08000aaa   0x00000030   Code   RO         6570    .text               mf_w.l(dfixul.o)
    0x08000ada   0x08000ada   0x00000002   PAD
    0x08000adc   0x08000adc   0x00000030   Code   RO         6572    .text               mf_w.l(cdrcmple.o)
    0x08000b0c   0x08000b0c   0x00000024   Code   RO         6574    .text               mc_w.l(init.o)
    0x08000b30   0x08000b30   0x0000001e   Code   RO         6576    .text               mc_w.l(llshl.o)
    0x08000b4e   0x08000b4e   0x00000024   Code   RO         6578    .text               mc_w.l(llsshr.o)
    0x08000b72   0x08000b72   0x0000001c   Code   RO         6580    .text               mc_w.l(_chval.o)
    0x08000b8e   0x08000b8e   0x0000003a   Code   RO         6590    .text               mc_w.l(__dczerorl.o)
    0x08000bc8   0x08000bc8   0x00000016   Code   RO          315    i.ADC_Cmd           stm32f10x_adc.o
    0x08000bde   0x08000bde   0x00000014   Code   RO          323    i.ADC_GetCalibrationStatus  stm32f10x_adc.o
    0x08000bf2   0x08000bf2   0x00000008   Code   RO          324    i.ADC_GetConversionValue  stm32f10x_adc.o
    0x08000bfa   0x08000bfa   0x00000012   Code   RO          326    i.ADC_GetFlagStatus  stm32f10x_adc.o
    0x08000c0c   0x08000c0c   0x00000014   Code   RO          329    i.ADC_GetResetCalibrationStatus  stm32f10x_adc.o
    0x08000c20   0x08000c20   0x00000050   Code   RO          333    i.ADC_Init          stm32f10x_adc.o
    0x08000c70   0x08000c70   0x000000b8   Code   RO          337    i.ADC_RegularChannelConfig  stm32f10x_adc.o
    0x08000d28   0x08000d28   0x0000000a   Code   RO          338    i.ADC_ResetCalibration  stm32f10x_adc.o
    0x08000d32   0x08000d32   0x00000016   Code   RO          340    i.ADC_SoftwareStartConvCmd  stm32f10x_adc.o
    0x08000d48   0x08000d48   0x0000000a   Code   RO          342    i.ADC_StartCalibration  stm32f10x_adc.o
    0x08000d52   0x08000d52   0x00000002   PAD
    0x08000d54   0x08000d54   0x00000038   Code   RO         4532    i.BEEP_Init         beep.o
    0x08000d8c   0x08000d8c   0x00000004   Code   RO         6065    i.BusFault_Handler  stm32f10x_it.o
    0x08000d90   0x08000d90   0x00000024   Code   RO         5463    i.ClrAtRxBuf        hal_wifitocloud.o
    0x08000db4   0x08000db4   0x00000030   Code   RO         5555    i.CmdError          sdio_sdcard.o
    0x08000de4   0x08000de4   0x00000060   Code   RO         5556    i.CmdResp1Error     sdio_sdcard.o
    0x08000e44   0x08000e44   0x00000054   Code   RO         5557    i.CmdResp2Error     sdio_sdcard.o
    0x08000e98   0x08000e98   0x00000038   Code   RO         5558    i.CmdResp3Error     sdio_sdcard.o
    0x08000ed0   0x08000ed0   0x00000090   Code   RO         5559    i.CmdResp6Error     sdio_sdcard.o
    0x08000f60   0x08000f60   0x0000004c   Code   RO         5560    i.CmdResp7Error     sdio_sdcard.o
    0x08000fac   0x08000fac   0x0000021c   Code   RO         5487    i.ConnectToServer   wifitocloud.o
    0x080011c8   0x080011c8   0x00000014   Code   RO         5878    i.CountSensor_Get   countsensor.o
    0x080011dc   0x080011dc   0x00000034   Code   RO         5879    i.CountSensor_Init  countsensor.o
    0x08001210   0x08001210   0x00000064   Code   RO         4556    i.DHT11_Check       dht11.o
    0x08001274   0x08001274   0x00000040   Code   RO         4558    i.DHT11_Init        dht11.o
    0x080012b4   0x080012b4   0x0000004c   Code   RO         4560    i.DHT11_Read_Bit    dht11.o
    0x08001300   0x08001300   0x0000001e   Code   RO         4562    i.DHT11_Read_Byte   dht11.o
    0x0800131e   0x0800131e   0x00000058   Code   RO         4564    i.DHT11_Read_Data   dht11.o
    0x08001376   0x08001376   0x00000002   PAD
    0x08001378   0x08001378   0x00000040   Code   RO         4566    i.DHT11_Rst         dht11.o
    0x080013b8   0x080013b8   0x00000018   Code   RO         2109    i.DMA_Cmd           stm32f10x_dma.o
    0x080013d0   0x080013d0   0x0000014c   Code   RO         2110    i.DMA_DeInit        stm32f10x_dma.o
    0x0800151c   0x0800151c   0x0000003c   Code   RO         2115    i.DMA_Init          stm32f10x_dma.o
    0x08001558   0x08001558   0x00000002   Code   RO         6066    i.DebugMon_Handler  stm32f10x_it.o
    0x0800155a   0x0800155a   0x00000076   Code   RO         5138    i.Draw_word         lcd.o
    0x080015d0   0x080015d0   0x0000009c   Code   RO         5489    i.ESP8266_GetIpData  wifitocloud.o
    0x0800166c   0x0800166c   0x000000bc   Code   RO         5490    i.ESP8266_IpSend    wifitocloud.o
    0x08001728   0x08001728   0x00000074   Code   RO         5491    i.ESP8266_IpStart   wifitocloud.o
    0x0800179c   0x0800179c   0x000002b4   Code   RO         5492    i.ESP8266_SendSensor  wifitocloud.o
    0x08001a50   0x08001a50   0x00000094   Code   RO         5493    i.ESP8266_SetAP     wifitocloud.o
    0x08001ae4   0x08001ae4   0x00000064   Code   RO         5494    i.ESP8266_SetStation  wifitocloud.o
    0x08001b48   0x08001b48   0x0000003c   Code   RO         5851    i.EXTI1_IRQHandler  encoder.o
    0x08001b84   0x08001b84   0x0000000c   Code   RO          532    i.EXTI_ClearITPendingBit  stm32f10x_exti.o
    0x08001b90   0x08001b90   0x00000028   Code   RO          536    i.EXTI_GetITStatus  stm32f10x_exti.o
    0x08001bb8   0x08001bb8   0x00000094   Code   RO          537    i.EXTI_Init         stm32f10x_exti.o
    0x08001c4c   0x08001c4c   0x0000001c   Code   RO         5852    i.Encoder_Get       encoder.o
    0x08001c68   0x08001c68   0x00000084   Code   RO         5853    i.Encoder_Init      encoder.o
    0x08001cec   0x08001cec   0x0000004c   Code   RO          590    i.FLASH_ErasePage   stm32f10x_flash.o
    0x08001d38   0x08001d38   0x00000034   Code   RO          591    i.FLASH_GetBank1Status  stm32f10x_flash.o
    0x08001d6c   0x08001d6c   0x00000014   Code   RO          600    i.FLASH_Lock        stm32f10x_flash.o
    0x08001d80   0x08001d80   0x00000040   Code   RO          603    i.FLASH_ProgramHalfWord  stm32f10x_flash.o
    0x08001dc0   0x08001dc0   0x00000018   Code   RO          608    i.FLASH_Unlock      stm32f10x_flash.o
    0x08001dd8   0x08001dd8   0x00000026   Code   RO          612    i.FLASH_WaitForLastOperation  stm32f10x_flash.o
    0x08001dfe   0x08001dfe   0x00000002   PAD
    0x08001e00   0x08001e00   0x00000034   Code   RO          770    i.FSMC_NORSRAMCmd   stm32f10x_fsmc.o
    0x08001e34   0x08001e34   0x000000e6   Code   RO          772    i.FSMC_NORSRAMInit  stm32f10x_fsmc.o
    0x08001f1a   0x08001f1a   0x00000002   PAD
    0x08001f1c   0x08001f1c   0x00000194   Code   RO         5561    i.FindSCR           sdio_sdcard.o
    0x080020b0   0x080020b0   0x00000040   Code   RO          882    i.GPIO_EXTILineConfig  stm32f10x_gpio.o
    0x080020f0   0x080020f0   0x00000116   Code   RO          885    i.GPIO_Init         stm32f10x_gpio.o
    0x08002206   0x08002206   0x00000002   PAD
    0x08002208   0x08002208   0x00000090   Code   RO          887    i.GPIO_PinRemapConfig  stm32f10x_gpio.o
    0x08002298   0x08002298   0x00000012   Code   RO          889    i.GPIO_ReadInputDataBit  stm32f10x_gpio.o
    0x080022aa   0x080022aa   0x00000004   Code   RO          892    i.GPIO_ResetBits    stm32f10x_gpio.o
    0x080022ae   0x080022ae   0x00000004   Code   RO          893    i.GPIO_SetBits      stm32f10x_gpio.o
    0x080022b2   0x080022b2   0x0000000a   Code   RO          896    i.GPIO_WriteBit     stm32f10x_gpio.o
    0x080022bc   0x080022bc   0x0000009c   Code   RO         4640    i.GPIOx_Init        gpio.o
    0x08002358   0x08002358   0x000000e0   Code   RO         4149    i.Get_HzMat         text.o
    0x08002438   0x08002438   0x00000118   Code   RO         4186    i.Get_Sensors_Data_TASK  get_sensors_datatask.o
    0x08002550   0x08002550   0x00000004   Code   RO         6067    i.HardFault_Handler  stm32f10x_it.o
    0x08002554   0x08002554   0x00000004   Code   RO          172    i.INTX_DISABLE      sys.o
    0x08002558   0x08002558   0x00000004   Code   RO          173    i.INTX_ENABLE       sys.o
    0x0800255c   0x0800255c   0x0000009c   Code   RO         5562    i.IsCardProgramming  sdio_sdcard.o
    0x080025f8   0x080025f8   0x00000034   Code   RO         4679    i.KEY_ScanTriggerOnce  key1.o
    0x0800262c   0x0800262c   0x0000008c   Code   RO         4310    i.LCD_Chinese_Init  lcd_app_playtask.o
    0x080026b8   0x080026b8   0x00000034   Code   RO         5140    i.LCD_Clear         lcd.o
    0x080026ec   0x080026ec   0x00000130   Code   RO         5144    i.LCD_Display_Dir   lcd.o
    0x0800281c   0x0800281c   0x000000f0   Code   RO         5149    i.LCD_Fast_DrawPoint  lcd.o
    0x0800290c   0x0800290c   0x00000054   Code   RO         5150    i.LCD_Fill          lcd.o
    0x08002960   0x08002960   0x00002684   Code   RO         5151    i.LCD_Init          lcd.o
    0x08004fe4   0x08004fe4   0x00000016   Code   RO         5152    i.LCD_Pow           lcd.o
    0x08004ffa   0x08004ffa   0x00000002   PAD
    0x08004ffc   0x08004ffc   0x00000014   Code   RO         5153    i.LCD_RD_DATA       lcd.o
    0x08005010   0x08005010   0x00000054   Code   RO         5156    i.LCD_SSD_BackLightSet  lcd.o
    0x08005064   0x08005064   0x00000234   Code   RO         5157    i.LCD_Scan_Dir      lcd.o
    0x08005298   0x08005298   0x00000120   Code   RO         5158    i.LCD_SetCursor     lcd.o
    0x080053b8   0x080053b8   0x00000128   Code   RO         5160    i.LCD_ShowChar      lcd.o
    0x080054e0   0x080054e0   0x00000094   Code   RO         5161    i.LCD_ShowNum       lcd.o
    0x08005574   0x08005574   0x00000066   Code   RO         5162    i.LCD_ShowString    lcd.o
    0x080055da   0x080055da   0x000000be   Code   RO         5163    i.LCD_ShowxNum      lcd.o
    0x08005698   0x08005698   0x0000000c   Code   RO         5164    i.LCD_WR_DATA       lcd.o
    0x080056a4   0x080056a4   0x0000000c   Code   RO         5165    i.LCD_WR_REG        lcd.o
    0x080056b0   0x080056b0   0x00000014   Code   RO         5167    i.LCD_WriteRAM_Prepare  lcd.o
    0x080056c4   0x080056c4   0x00000010   Code   RO         5168    i.LCD_WriteReg      lcd.o
    0x080056d4   0x080056d4   0x0000004c   Code   RO         5347    i.LED_Init          led.o
    0x08005720   0x08005720   0x00000014   Code   RO         5880    i.LightSensor_Get   countsensor.o
    0x08005734   0x08005734   0x0000002c   Code   RO         5881    i.LightSensor_Init  countsensor.o
    0x08005760   0x08005760   0x0000001a   Code   RO         4712    i.MFRC_ClrBitMask   rc522.o
    0x0800577a   0x0800577a   0x00000002   PAD
    0x0800577c   0x0800577c   0x00000134   Code   RO         4713    i.MFRC_CmdFrame     rc522.o
    0x080058b0   0x080058b0   0x0000001c   Code   RO         4714    i.MFRC_Init         rc522.o
    0x080058cc   0x080058cc   0x0000003c   Code   RO         4715    i.MFRC_ReadReg      rc522.o
    0x08005908   0x08005908   0x0000001a   Code   RO         4716    i.MFRC_SetBitMask   rc522.o
    0x08005922   0x08005922   0x00000002   PAD
    0x08005924   0x08005924   0x00000034   Code   RO         4717    i.MFRC_WriteReg     rc522.o
    0x08005958   0x08005958   0x0000002a   Code   RO         5056    i.MY_NVIC_Init      usart4.o
    0x08005982   0x08005982   0x00000004   Code   RO         6068    i.MemManage_Handler  stm32f10x_it.o
    0x08005986   0x08005986   0x00000002   PAD
    0x08005988   0x08005988   0x00000050   Code   RO         5908    i.MySPI_Init        myspi.o
    0x080059d8   0x080059d8   0x00000014   Code   RO         5914    i.MySPI_W_SCK       myspi.o
    0x080059ec   0x080059ec   0x00000014   Code   RO         5915    i.MySPI_W_SS        myspi.o
    0x08005a00   0x08005a00   0x00000002   Code   RO         6069    i.NMI_Handler       stm32f10x_it.o
    0x08005a02   0x08005a02   0x00000002   PAD
    0x08005a04   0x08005a04   0x00000070   Code   RO          273    i.NVIC_Init         misc.o
    0x08005a74   0x08005a74   0x00000014   Code   RO          274    i.NVIC_PriorityGroupConfig  misc.o
    0x08005a88   0x08005a88   0x0000000c   Code   RO         4718    i.PCD_AntennaOff    rc522.o
    0x08005a94   0x08005a94   0x0000001a   Code   RO         4719    i.PCD_AntennaOn     rc522.o
    0x08005aae   0x08005aae   0x00000002   PAD
    0x08005ab0   0x08005ab0   0x00000098   Code   RO         4720    i.PCD_Anticoll      rc522.o
    0x08005b48   0x08005b48   0x00000018   Code   RO         4724    i.PCD_Init          rc522.o
    0x08005b60   0x08005b60   0x00000052   Code   RO         4726    i.PCD_Request       rc522.o
    0x08005bb2   0x08005bb2   0x00000002   PAD
    0x08005bb4   0x08005bb4   0x00000084   Code   RO         4727    i.PCD_Reset         rc522.o
    0x08005c38   0x08005c38   0x000000ac   Code   RO         4877    i.RC522_SPI_Init    spi.o
    0x08005ce4   0x08005ce4   0x00000018   Code   RO         1035    i.RCC_ADCCLKConfig  stm32f10x_rcc.o
    0x08005cfc   0x08005cfc   0x00000020   Code   RO         1036    i.RCC_AHBPeriphClockCmd  stm32f10x_rcc.o
    0x08005d1c   0x08005d1c   0x00000020   Code   RO         1037    i.RCC_APB1PeriphClockCmd  stm32f10x_rcc.o
    0x08005d3c   0x08005d3c   0x00000020   Code   RO         1038    i.RCC_APB1PeriphResetCmd  stm32f10x_rcc.o
    0x08005d5c   0x08005d5c   0x00000020   Code   RO         1039    i.RCC_APB2PeriphClockCmd  stm32f10x_rcc.o
    0x08005d7c   0x08005d7c   0x00000020   Code   RO         1040    i.RCC_APB2PeriphResetCmd  stm32f10x_rcc.o
    0x08005d9c   0x08005d9c   0x000000d4   Code   RO         1047    i.RCC_GetClocksFreq  stm32f10x_rcc.o
    0x08005e70   0x08005e70   0x00000060   Code   RO         4187    i.RFID_User_ID      get_sensors_datatask.o
    0x08005ed0   0x08005ed0   0x000000e8   Code   RO         5495    i.RestCheck         wifitocloud.o
    0x08005fb8   0x08005fb8   0x000000ac   Code   RO         5563    i.SDEnWideBus       sdio_sdcard.o
    0x08006064   0x08006064   0x0000000c   Code   RO         2180    i.SDIO_ClearFlag    stm32f10x_sdio.o
    0x08006070   0x08006070   0x0000000c   Code   RO         2182    i.SDIO_ClockCmd     stm32f10x_sdio.o
    0x0800607c   0x0800607c   0x00000014   Code   RO         5564    i.SDIO_Clock_Set    sdio_sdcard.o
    0x08006090   0x08006090   0x0000000c   Code   RO         2185    i.SDIO_DMACmd       stm32f10x_sdio.o
    0x0800609c   0x0800609c   0x00000030   Code   RO         2186    i.SDIO_DataConfig   stm32f10x_sdio.o
    0x080060cc   0x080060cc   0x00000024   Code   RO         2188    i.SDIO_DeInit       stm32f10x_sdio.o
    0x080060f0   0x080060f0   0x00000018   Code   RO         2192    i.SDIO_GetFlagStatus  stm32f10x_sdio.o
    0x08006108   0x08006108   0x00000010   Code   RO         2194    i.SDIO_GetPowerState  stm32f10x_sdio.o
    0x08006118   0x08006118   0x00000008   Code   RO         5565    i.SDIO_IRQHandler   sdio_sdcard.o
    0x08006120   0x08006120   0x00000030   Code   RO         2197    i.SDIO_Init         stm32f10x_sdio.o
    0x08006150   0x08006150   0x0000000c   Code   RO         2198    i.SDIO_ReadData     stm32f10x_sdio.o
    0x0800615c   0x0800615c   0x0000002c   Code   RO         2200    i.SDIO_SendCommand  stm32f10x_sdio.o
    0x08006188   0x08006188   0x0000001c   Code   RO         2202    i.SDIO_SetPowerState  stm32f10x_sdio.o
    0x080061a4   0x080061a4   0x0000000c   Code   RO         2208    i.SDIO_WriteData    stm32f10x_sdio.o
    0x080061b0   0x080061b0   0x00000068   Code   RO         5566    i.SD_DMA_Config     sdio_sdcard.o
    0x08006218   0x08006218   0x00000068   Code   RO         5567    i.SD_EnableWideBusOperation  sdio_sdcard.o
    0x08006280   0x08006280   0x00000314   Code   RO         5568    i.SD_GetCardInfo    sdio_sdcard.o
    0x08006594   0x08006594   0x00000100   Code   RO         5570    i.SD_Init           sdio_sdcard.o
    0x08006694   0x08006694   0x00000154   Code   RO         5571    i.SD_InitializeCards  sdio_sdcard.o
    0x080067e8   0x080067e8   0x000001dc   Code   RO         5573    i.SD_PowerON        sdio_sdcard.o
    0x080069c4   0x080069c4   0x0000013c   Code   RO         5574    i.SD_ProcessIRQSrc  sdio_sdcard.o
    0x08006b00   0x08006b00   0x00000258   Code   RO         5575    i.SD_ReadBlock      sdio_sdcard.o
    0x08006d58   0x08006d58   0x00000098   Code   RO         5576    i.SD_ReadDisk       sdio_sdcard.o
    0x08006df0   0x08006df0   0x000002e8   Code   RO         5577    i.SD_ReadMultiBlocks  sdio_sdcard.o
    0x080070d8   0x080070d8   0x00000030   Code   RO         5578    i.SD_SelectDeselect  sdio_sdcard.o
    0x08007108   0x08007108   0x00000018   Code   RO         5580    i.SD_SetDeviceMode  sdio_sdcard.o
    0x08007120   0x08007120   0x00000374   Code   RO         5581    i.SD_WriteBlock     sdio_sdcard.o
    0x08007494   0x08007494   0x00000098   Code   RO         5582    i.SD_WriteDisk      sdio_sdcard.o
    0x0800752c   0x0800752c   0x000003c0   Code   RO         5583    i.SD_WriteMultiBlocks  sdio_sdcard.o
    0x080078ec   0x080078ec   0x00000094   Code   RO         4878    i.SPI2_Init         spi.o
    0x08007980   0x08007980   0x00000038   Code   RO         4731    i.SPI2_RW_Byte      rc522.o
    0x080079b8   0x080079b8   0x00000054   Code   RO         4879    i.SPI2_ReadWriteByte  spi.o
    0x08007a0c   0x08007a0c   0x00000028   Code   RO         4880    i.SPI2_SetSpeed     spi.o
    0x08007a34   0x08007a34   0x00000018   Code   RO         1240    i.SPI_Cmd           stm32f10x_spi.o
    0x08007a4c   0x08007a4c   0x00000012   Code   RO         1248    i.SPI_I2S_GetFlagStatus  stm32f10x_spi.o
    0x08007a5e   0x08007a5e   0x00000006   Code   RO         1251    i.SPI_I2S_ReceiveData  stm32f10x_spi.o
    0x08007a64   0x08007a64   0x00000004   Code   RO         1252    i.SPI_I2S_SendData  stm32f10x_spi.o
    0x08007a68   0x08007a68   0x0000003c   Code   RO         1253    i.SPI_Init          stm32f10x_spi.o
    0x08007aa4   0x08007aa4   0x00000030   Code   RO         4641    i.STM32_GPIOx_Init  gpio.o
    0x08007ad4   0x08007ad4   0x00000022   Code   RO         4917    i.STMFLASH_Read     stmflash.o
    0x08007af6   0x08007af6   0x00000006   Code   RO         4918    i.STMFLASH_ReadHalfWord  stmflash.o
    0x08007afc   0x08007afc   0x000000e8   Code   RO         4919    i.STMFLASH_Write    stmflash.o
    0x08007be4   0x08007be4   0x00000026   Code   RO         4920    i.STMFLASH_Write_NoCheck  stmflash.o
    0x08007c0a   0x08007c0a   0x0000007a   Code   RO         6016    i.SYN_FrameInfo     syn6288.o
    0x08007c84   0x08007c84   0x0000001c   Code   RO         5464    i.SendAtCmd         hal_wifitocloud.o
    0x08007ca0   0x08007ca0   0x00000010   Code   RO         5465    i.SendStrLen        hal_wifitocloud.o
    0x08007cb0   0x08007cb0   0x000000b0   Code   RO         4391    i.Send_DATA_Flash   wifi_app_playtask.o
    0x08007d60   0x08007d60   0x0000002c   Code   RO         4392    i.Sensor_Flash      wifi_app_playtask.o
    0x08007d8c   0x08007d8c   0x00000008   Code   RO         6136    i.SetSysClock       system_stm32f10x.o
    0x08007d94   0x08007d94   0x000000e0   Code   RO         6137    i.SetSysClockTo72   system_stm32f10x.o
    0x08007e74   0x08007e74   0x000000c8   Code   RO         4150    i.Show_Font         text.o
    0x08007f3c   0x08007f3c   0x000000c2   Code   RO         4151    i.Show_Str          text.o
    0x08007ffe   0x08007ffe   0x00000028   Code   RO          277    i.SysTick_CLKSourceConfig  misc.o
    0x08008026   0x08008026   0x00000010   Code   RO            1    i.SysTick_Handler   delay.o
    0x08008036   0x08008036   0x00000002   PAD
    0x08008038   0x08008038   0x00000060   Code   RO         6139    i.SystemInit        system_stm32f10x.o
    0x08008098   0x08008098   0x00000054   Code   RO         4393    i.TIM1_Int_Init     wifi_app_playtask.o
    0x080080ec   0x080080ec   0x00000028   Code   RO         4394    i.TIM1_UP_IRQHandler  wifi_app_playtask.o
    0x08008114   0x08008114   0x000000c4   Code   RO         4960    i.TIM2_IRQHandler   tim3_cap.o
    0x080081d8   0x080081d8   0x0000009c   Code   RO         4854    i.TIM3_PWM_Init     sg90.o
    0x08008274   0x08008274   0x00000060   Code   RO         4990    i.TIM7_IRQHandler   tim7.o
    0x080082d4   0x080082d4   0x00000054   Code   RO         4991    i.TIM7_Int_Init     tim7.o
    0x08008328   0x08008328   0x00000006   Code   RO         1390    i.TIM_ClearITPendingBit  stm32f10x_tim.o
    0x0800832e   0x0800832e   0x00000018   Code   RO         1395    i.TIM_Cmd           stm32f10x_tim.o
    0x08008346   0x08008346   0x00000006   Code   RO         1410    i.TIM_GetCapture1   stm32f10x_tim.o
    0x0800834c   0x0800834c   0x00000022   Code   RO         1416    i.TIM_GetITStatus   stm32f10x_tim.o
    0x0800836e   0x0800836e   0x00000012   Code   RO         1420    i.TIM_ITConfig      stm32f10x_tim.o
    0x08008380   0x08008380   0x00000012   Code   RO         1426    i.TIM_OC1PolarityConfig  stm32f10x_tim.o
    0x08008392   0x08008392   0x00000002   PAD
    0x08008394   0x08008394   0x000000a4   Code   RO         1429    i.TIM_OC2Init       stm32f10x_tim.o
    0x08008438   0x08008438   0x0000001a   Code   RO         1432    i.TIM_OC2PreloadConfig  stm32f10x_tim.o
    0x08008452   0x08008452   0x00000004   Code   RO         1457    i.TIM_SetCompare2   stm32f10x_tim.o
    0x08008456   0x08008456   0x00000004   Code   RO         1460    i.TIM_SetCounter    stm32f10x_tim.o
    0x0800845a   0x0800845a   0x00000002   PAD
    0x0800845c   0x0800845c   0x000000a4   Code   RO         1466    i.TIM_TimeBaseInit  stm32f10x_tim.o
    0x08008500   0x08008500   0x0000006c   Code   RO         5057    i.UART4_IRQHandler  usart4.o
    0x0800856c   0x0800856c   0x000000b0   Code   RO         5058    i.UART4_Init        usart4.o
    0x0800861c   0x0800861c   0x00000020   Code   RO         5059    i.UART4_SendData    usart4.o
    0x0800863c   0x0800863c   0x0000001c   Code   RO         5061    i.UART4_SendStrlen  usart4.o
    0x08008658   0x08008658   0x0000008c   Code   RO          203    i.USART1_IRQHandler  usart.o
    0x080086e4   0x080086e4   0x00000098   Code   RO          204    i.USART1_RX_Data    usart.o
    0x0800877c   0x0800877c   0x0000003c   Code   RO         5015    i.USART2_IRQHandler  usart2.o
    0x080087b8   0x080087b8   0x00000084   Code   RO         5401    i.USART3_IRQHandler  hal_uart3.o
    0x0800883c   0x0800883c   0x000000bc   Code   RO         5402    i.USART3_Init       hal_uart3.o
    0x080088f8   0x080088f8   0x00000020   Code   RO         5403    i.USART3_SendData   hal_uart3.o
    0x08008918   0x08008918   0x0000001c   Code   RO         5405    i.USART3_SendStrlen  hal_uart3.o
    0x08008934   0x08008934   0x00000012   Code   RO         1927    i.USART_ClearFlag   stm32f10x_usart.o
    0x08008946   0x08008946   0x00000018   Code   RO         1931    i.USART_Cmd         stm32f10x_usart.o
    0x0800895e   0x0800895e   0x00000002   PAD
    0x08008960   0x08008960   0x0000009c   Code   RO         1933    i.USART_DeInit      stm32f10x_usart.o
    0x080089fc   0x080089fc   0x00000054   Code   RO         1935    i.USART_GetITStatus  stm32f10x_usart.o
    0x08008a50   0x08008a50   0x0000004a   Code   RO         1937    i.USART_ITConfig    stm32f10x_usart.o
    0x08008a9a   0x08008a9a   0x00000002   PAD
    0x08008a9c   0x08008a9c   0x000000d8   Code   RO         1938    i.USART_Init        stm32f10x_usart.o
    0x08008b74   0x08008b74   0x0000000a   Code   RO         1945    i.USART_ReceiveData  stm32f10x_usart.o
    0x08008b7e   0x08008b7e   0x00000008   Code   RO         1948    i.USART_SendData    stm32f10x_usart.o
    0x08008b86   0x08008b86   0x00000002   PAD
    0x08008b88   0x08008b88   0x00000328   Code   RO         4395    i.USER_DataAnalysisProcess  wifi_app_playtask.o
    0x08008eb0   0x08008eb0   0x00000004   Code   RO         6070    i.UsageFault_Handler  stm32f10x_it.o
    0x08008eb4   0x08008eb4   0x000000b0   Code   RO         5016    i.Usart2_Init       usart2.o
    0x08008f64   0x08008f64   0x00000008   Code   RO         5962    i.W25Q64_Init       w25q64.o
    0x08008f6c   0x08008f6c   0x00000058   Code   RO         5749    i.W25QXX_Erase_Sector  w25qxx.o
    0x08008fc4   0x08008fc4   0x00000058   Code   RO         5750    i.W25QXX_Init       w25qxx.o
    0x0800901c   0x0800901c   0x00000050   Code   RO         5752    i.W25QXX_Read       w25qxx.o
    0x0800906c   0x0800906c   0x00000048   Code   RO         5753    i.W25QXX_ReadID     w25qxx.o
    0x080090b4   0x080090b4   0x0000002c   Code   RO         5754    i.W25QXX_ReadSR     w25qxx.o
    0x080090e0   0x080090e0   0x00000012   Code   RO         5756    i.W25QXX_Wait_Busy  w25qxx.o
    0x080090f2   0x080090f2   0x00000002   PAD
    0x080090f4   0x080090f4   0x000000b8   Code   RO         5757    i.W25QXX_Write      w25qxx.o
    0x080091ac   0x080091ac   0x00000020   Code   RO         5759    i.W25QXX_Write_Enable  w25qxx.o
    0x080091cc   0x080091cc   0x00000046   Code   RO         5760    i.W25QXX_Write_NoCheck  w25qxx.o
    0x08009212   0x08009212   0x00000002   PAD
    0x08009214   0x08009214   0x00000054   Code   RO         5761    i.W25QXX_Write_Page  w25qxx.o
    0x08009268   0x08009268   0x00000020   Code   RO         6426    i.__0printf         mc_w.l(printfa.o)
    0x08009288   0x08009288   0x00000028   Code   RO         6428    i.__0sprintf        mc_w.l(printfa.o)
    0x080092b0   0x080092b0   0x00000024   Code   RO         6432    i.__0vsprintf       mc_w.l(printfa.o)
    0x080092d4   0x080092d4   0x00000008   Code   RO         6552    i.__aeabi_errno_addr  mc_w.l(errno.o)
    0x080092dc   0x080092dc   0x0000000e   Code   RO         6584    i.__scatterload_copy  mc_w.l(handlers.o)
    0x080092ea   0x080092ea   0x00000002   Code   RO         6585    i.__scatterload_null  mc_w.l(handlers.o)
    0x080092ec   0x080092ec   0x0000000e   Code   RO         6586    i.__scatterload_zeroinit  mc_w.l(handlers.o)
    0x080092fa   0x080092fa   0x00000002   PAD
    0x080092fc   0x080092fc   0x00000184   Code   RO         6433    i._fp_digits        mc_w.l(printfa.o)
    0x08009480   0x08009480   0x000006dc   Code   RO         6434    i._printf_core      mc_w.l(printfa.o)
    0x08009b5c   0x08009b5c   0x00000024   Code   RO         6435    i._printf_post_padding  mc_w.l(printfa.o)
    0x08009b80   0x08009b80   0x0000002e   Code   RO         6436    i._printf_pre_padding  mc_w.l(printfa.o)
    0x08009bae   0x08009bae   0x0000000a   Code   RO         6438    i._sputc            mc_w.l(printfa.o)
    0x08009bb8   0x08009bb8   0x0000001c   Code   RO         4261    i.actuator_app_init  actuator_app_playtask.o
    0x08009bd4   0x08009bd4   0x00000134   Code   RO         4262    i.actuator_app_play_TASK  actuator_app_playtask.o
    0x08009d08   0x08009d08   0x0000003c   Code   RO         4505    i.adc_gpio_init     adc.o
    0x08009d44   0x08009d44   0x0000006c   Code   RO         4506    i.adc_init          adc.o
    0x08009db0   0x08009db0   0x00000048   Code   RO         4533    i.beep_play         beep.o
    0x08009df8   0x08009df8   0x00000090   Code   RO         3756    i.check_fs          ff.o
    0x08009e88   0x08009e88   0x00000014   Code   RO         3757    i.chk_chr           ff.o
    0x08009e9c   0x08009e9c   0x00000032   Code   RO         3758    i.clmt_clust        ff.o
    0x08009ece   0x08009ece   0x0000001a   Code   RO         3759    i.clust2sect        ff.o
    0x08009ee8   0x08009ee8   0x00000090   Code   RO         3760    i.cmp_lfn           ff.o
    0x08009f78   0x08009f78   0x00000012   Code   RO         5584    i.convert_from_bytes_to_power_of_two  sdio_sdcard.o
    0x08009f8a   0x08009f8a   0x00000002   PAD
    0x08009f8c   0x08009f8c   0x00000068   Code   RO         4397    i.convert_timestamp_to_time  wifi_app_playtask.o
    0x08009ff4   0x08009ff4   0x000000d6   Code   RO         3761    i.create_chain      ff.o
    0x0800a0ca   0x0800a0ca   0x00000002   PAD
    0x0800a0cc   0x0800a0cc   0x00000270   Code   RO         3762    i.create_name       ff.o
    0x0800a33c   0x0800a33c   0x0000005c   Code   RO            2    i.delay_init        delay.o
    0x0800a398   0x0800a398   0x00000040   Code   RO            3    i.delay_ms          delay.o
    0x0800a3d8   0x0800a3d8   0x00000048   Code   RO            4    i.delay_us          delay.o
    0x0800a420   0x0800a420   0x0000005c   Code   RO         3763    i.dir_alloc         ff.o
    0x0800a47c   0x0800a47c   0x000000ea   Code   RO         3764    i.dir_find          ff.o
    0x0800a566   0x0800a566   0x0000010e   Code   RO         3765    i.dir_next          ff.o
    0x0800a674   0x0800a674   0x0000012a   Code   RO         3767    i.dir_register      ff.o
    0x0800a79e   0x0800a79e   0x0000009e   Code   RO         3769    i.dir_sdi           ff.o
    0x0800a83c   0x0800a83c   0x00000038   Code   RO         3689    i.disk_initialize   diskio.o
    0x0800a874   0x0800a874   0x000000b4   Code   RO         3690    i.disk_ioctl        diskio.o
    0x0800a928   0x0800a928   0x0000007a   Code   RO         3691    i.disk_read         diskio.o
    0x0800a9a2   0x0800a9a2   0x00000006   Code   RO         3692    i.disk_status       diskio.o
    0x0800a9a8   0x0800a9a8   0x0000007a   Code   RO         3693    i.disk_write        diskio.o
    0x0800aa22   0x0800aa22   0x00000002   PAD
    0x0800aa24   0x0800aa24   0x00000084   Code   RO         3449    i.exfuns_init       exfuns.o
    0x0800aaa8   0x0800aaa8   0x00000020   Code   RO         3771    i.f_close           ff.o
    0x0800aac8   0x0800aac8   0x0000005c   Code   RO         3779    i.f_mount           ff.o
    0x0800ab24   0x0800ab24   0x00000180   Code   RO         3780    i.f_open            ff.o
    0x0800aca4   0x0800aca4   0x000001b0   Code   RO         3785    i.f_read            ff.o
    0x0800ae54   0x0800ae54   0x000000b0   Code   RO         3790    i.f_sync            ff.o
    0x0800af04   0x0800af04   0x00000098   Code   RO         3662    i.ff_convert        mycc936.o
    0x0800af9c   0x0800af9c   0x0000000e   Code   RO         3694    i.ff_memalloc       diskio.o
    0x0800afaa   0x0800afaa   0x0000000e   Code   RO         3695    i.ff_memfree        diskio.o
    0x0800afb8   0x0800afb8   0x00000038   Code   RO         3663    i.ff_wtoupper       mycc936.o
    0x0800aff0   0x0800aff0   0x00000394   Code   RO         3795    i.find_volume       ff.o
    0x0800b384   0x0800b384   0x00000080   Code   RO         3796    i.fit_lfn           ff.o
    0x0800b404   0x0800b404   0x00000090   Code   RO         3797    i.follow_path       ff.o
    0x0800b494   0x0800b494   0x00000044   Code   RO         4103    i.font_init         fontupd.o
    0x0800b4d8   0x0800b4d8   0x0000001c   Code   RO          206    i.fputc             usart.o
    0x0800b4f4   0x0800b4f4   0x00000050   Code   RO         6454    i.free              mc_w.l(malloc.o)
    0x0800b544   0x0800b544   0x00000090   Code   RO         4104    i.fupd_prog         fontupd.o
    0x0800b5d4   0x0800b5d4   0x000000cc   Code   RO         3798    i.gen_numname       ff.o
    0x0800b6a0   0x0800b6a0   0x000000f2   Code   RO         3799    i.get_fat           ff.o
    0x0800b792   0x0800b792   0x00000004   Code   RO         3696    i.get_fattime       diskio.o
    0x0800b796   0x0800b796   0x0000004a   Code   RO         3801    i.get_ldnumber      ff.o
    0x0800b7e0   0x0800b7e0   0x00000108   Code   RO         4680    i.keyScanInd        key1.o
    0x0800b8e8   0x0800b8e8   0x00000048   Code   RO         4681    i.key_init          key1.o
    0x0800b930   0x0800b930   0x000002bc   Code   RO         4311    i.lcd_app_darw_main  lcd_app_playtask.o
    0x0800bbec   0x0800bbec   0x000002c0   Code   RO         4312    i.lcd_app_play_TASK  lcd_app_playtask.o
    0x0800beac   0x0800beac   0x00000020   Code   RO         3802    i.ld_clust          ff.o
    0x0800becc   0x0800becc   0x0000008c   Code   RO         6040    i.main              main.o
    0x0800bf58   0x0800bf58   0x0000006c   Code   RO         6455    i.malloc            mc_w.l(malloc.o)
    0x0800bfc4   0x0800bfc4   0x00000026   Code   RO         3803    i.mem_cmp           ff.o
    0x0800bfea   0x0800bfea   0x0000001a   Code   RO         3804    i.mem_cpy           ff.o
    0x0800c004   0x0800c004   0x00000014   Code   RO         3805    i.mem_set           ff.o
    0x0800c018   0x0800c018   0x00000034   Code   RO         3806    i.move_window       ff.o
    0x0800c04c   0x0800c04c   0x00000048   Code   RO         5348    i.my_LED1_Init      led.o
    0x0800c094   0x0800c094   0x0000002c   Code   RO         5349    i.my_LED_Init       led.o
    0x0800c0c0   0x0800c0c0   0x0000006c   Code   RO         3377    i.my_mem_free       malloc.o
    0x0800c12c   0x0800c12c   0x00000044   Code   RO         3378    i.my_mem_init       malloc.o
    0x0800c170   0x0800c170   0x000000a8   Code   RO         3379    i.my_mem_malloc     malloc.o
    0x0800c218   0x0800c218   0x00000040   Code   RO         3380    i.my_mem_perused    malloc.o
    0x0800c258   0x0800c258   0x00000024   Code   RO         3381    i.myfree            malloc.o
    0x0800c27c   0x0800c27c   0x00000028   Code   RO         3382    i.mymalloc          malloc.o
    0x0800c2a4   0x0800c2a4   0x00000014   Code   RO         3384    i.mymemset          malloc.o
    0x0800c2b8   0x0800c2b8   0x00000098   Code   RO         2761    i.prvAddCurrentTaskToDelayedList  tasks.o
    0x0800c350   0x0800c350   0x000000b8   Code   RO         2762    i.prvAddNewTaskToReadyList  tasks.o
    0x0800c408   0x0800c408   0x00000064   Code   RO         3121    i.prvCheckForValidListAndQueue  timers.o
    0x0800c46c   0x0800c46c   0x00000064   Code   RO         2763    i.prvCheckTasksWaitingTermination  tasks.o
    0x0800c4d0   0x0800c4d0   0x0000002a   Code   RO         2525    i.prvCopyDataFromQueue  queue.o
    0x0800c4fa   0x0800c4fa   0x0000007c   Code   RO         2526    i.prvCopyDataToQueue  queue.o
    0x0800c576   0x0800c576   0x00000012   Code   RO         2764    i.prvDeleteTCB      tasks.o
    0x0800c588   0x0800c588   0x00000028   Code   RO         3122    i.prvGetNextExpireTime  timers.o
    0x0800c5b0   0x0800c5b0   0x0000007c   Code   RO         3251    i.prvHeapInit       heap_4.o
    0x0800c62c   0x0800c62c   0x00000028   Code   RO         2765    i.prvIdleTask       tasks.o
    0x0800c654   0x0800c654   0x0000002e   Code   RO         2528    i.prvInitialiseNewQueue  queue.o
    0x0800c682   0x0800c682   0x00000002   PAD
    0x0800c684   0x0800c684   0x000000d0   Code   RO         2766    i.prvInitialiseNewTask  tasks.o
    0x0800c754   0x0800c754   0x00000068   Code   RO         2767    i.prvInitialiseTaskLists  tasks.o
    0x0800c7bc   0x0800c7bc   0x00000068   Code   RO         3252    i.prvInsertBlockIntoFreeList  heap_4.o
    0x0800c824   0x0800c824   0x00000058   Code   RO         3124    i.prvInsertTimerInActiveList  timers.o
    0x0800c87c   0x0800c87c   0x0000001a   Code   RO         2529    i.prvIsQueueEmpty   queue.o
    0x0800c896   0x0800c896   0x0000001e   Code   RO         2530    i.prvIsQueueFull    queue.o
    0x0800c8b4   0x0800c8b4   0x000000a0   Code   RO         2531    i.prvNotifyQueueSetContainer  queue.o
    0x0800c954   0x0800c954   0x0000007c   Code   RO         3125    i.prvProcessExpiredTimer  timers.o
    0x0800c9d0   0x0800c9d0   0x00000128   Code   RO         3126    i.prvProcessReceivedCommands  timers.o
    0x0800caf8   0x0800caf8   0x00000074   Code   RO         3127    i.prvProcessTimerOrBlockTask  timers.o
    0x0800cb6c   0x0800cb6c   0x00000034   Code   RO         2769    i.prvResetNextTaskUnblockTime  tasks.o
    0x0800cba0   0x0800cba0   0x0000002c   Code   RO         3128    i.prvSampleTimeNow  timers.o
    0x0800cbcc   0x0800cbcc   0x000000b8   Code   RO         3129    i.prvSwitchTimerLists  timers.o
    0x0800cc84   0x0800cc84   0x0000006c   Code   RO         3301    i.prvTaskExitError  port.o
    0x0800ccf0   0x0800ccf0   0x0000001a   Code   RO         3130    i.prvTimerTask      timers.o
    0x0800cd0a   0x0800cd0a   0x00000092   Code   RO         2532    i.prvUnlockQueue    queue.o
    0x0800cd9c   0x0800cd9c   0x00000142   Code   RO         3808    i.put_fat           ff.o
    0x0800cede   0x0800cede   0x00000002   PAD
    0x0800cee0   0x0800cee0   0x00000150   Code   RO         3253    i.pvPortMalloc      heap_4.o
    0x0800d030   0x0800d030   0x00000020   Code   RO         2773    i.pvTaskIncrementMutexHeldCount  tasks.o
    0x0800d050   0x0800d050   0x00000024   Code   RO         3302    i.pxPortInitialiseStack  port.o
    0x0800d074   0x0800d074   0x00000038   Code   RO         4507    i.read_adc_value    adc.o
    0x0800d0ac   0x0800d0ac   0x0000006c   Code   RO         3810    i.remove_chain      ff.o
    0x0800d118   0x0800d118   0x0000003c   Code   RO         4188    i.sensor_app_init   get_sensors_datatask.o
    0x0800d154   0x0800d154   0x00000010   Code   RO         3811    i.st_clust          ff.o
    0x0800d164   0x0800d164   0x00000138   Code   RO         6041    i.start_task        main.o
    0x0800d29c   0x0800d29c   0x0000004e   Code   RO         4398    i.substringMatch    wifi_app_playtask.o
    0x0800d2ea   0x0800d2ea   0x0000004e   Code   RO         5406    i.substringMatch1   hal_uart3.o
    0x0800d338   0x0800d338   0x00000020   Code   RO         3812    i.sum_sfn           ff.o
    0x0800d358   0x0800d358   0x000000c8   Code   RO         3813    i.sync_fs           ff.o
    0x0800d420   0x0800d420   0x00000052   Code   RO         3814    i.sync_window       ff.o
    0x0800d472   0x0800d472   0x00000002   PAD
    0x0800d474   0x0800d474   0x0000005c   Code   RO         5018    i.u2_printf         usart2.o
    0x0800d4d0   0x0800d4d0   0x000000a0   Code   RO          207    i.uart_init         usart.o
    0x0800d570   0x0800d570   0x00000164   Code   RO         4105    i.updata_fontx      fontupd.o
    0x0800d6d4   0x0800d6d4   0x00000394   Code   RO         4106    i.update_font       fontupd.o
    0x0800da68   0x0800da68   0x0000000c   Code   RO         4360    i.user_app_init     user_app_playtask.o
    0x0800da74   0x0800da74   0x000001ac   Code   RO         4361    i.user_app_play_TASK  user_app_playtask.o
    0x0800dc20   0x0800dc20   0x00000028   Code   RO         2488    i.uxListRemove      list.o
    0x0800dc48   0x0800dc48   0x0000001a   Code   RO         2489    i.vListInitialise   list.o
    0x0800dc62   0x0800dc62   0x00000006   Code   RO         2490    i.vListInitialiseItem  list.o
    0x0800dc68   0x0800dc68   0x00000034   Code   RO         2491    i.vListInsert       list.o
    0x0800dc9c   0x0800dc9c   0x00000018   Code   RO         2492    i.vListInsertEnd    list.o
    0x0800dcb4   0x0800dcb4   0x00000084   Code   RO         3304    i.vPortEnterCritical  port.o
    0x0800dd38   0x0800dd38   0x0000006c   Code   RO         3305    i.vPortExitCritical  port.o
    0x0800dda4   0x0800dda4   0x000000b4   Code   RO         3254    i.vPortFree         heap_4.o
    0x0800de58   0x0800de58   0x00000020   Code   RO         3306    i.vPortSetupTimerInterrupt  port.o
    0x0800de78   0x0800de78   0x0000009c   Code   RO         3307    i.vPortValidateInterruptPriority  port.o
    0x0800df14   0x0800df14   0x0000002c   Code   RO         2538    i.vQueueAddToRegistry  queue.o
    0x0800df40   0x0800df40   0x0000004a   Code   RO         2542    i.vQueueWaitForMessageRestricted  queue.o
    0x0800df8a   0x0800df8a   0x00000002   PAD
    0x0800df8c   0x0800df8c   0x00000074   Code   RO         2781    i.vTaskDelay        tasks.o
    0x0800e000   0x0800e000   0x0000010c   Code   RO         2783    i.vTaskDelete       tasks.o
    0x0800e10c   0x0800e10c   0x0000000c   Code   RO         2787    i.vTaskMissedYield  tasks.o
    0x0800e118   0x0800e118   0x00000054   Code   RO         2789    i.vTaskPlaceOnEventList  tasks.o
    0x0800e16c   0x0800e16c   0x0000005c   Code   RO         2790    i.vTaskPlaceOnEventListRestricted  tasks.o
    0x0800e1c8   0x0800e1c8   0x000000b0   Code   RO         2792    i.vTaskPriorityInherit  tasks.o
    0x0800e278   0x0800e278   0x0000004c   Code   RO         2796    i.vTaskSetTimeOutState  tasks.o
    0x0800e2c4   0x0800e2c4   0x000000ac   Code   RO         2797    i.vTaskStartScheduler  tasks.o
    0x0800e370   0x0800e370   0x00000010   Code   RO         2799    i.vTaskSuspendAll   tasks.o
    0x0800e380   0x0800e380   0x000000a8   Code   RO         2800    i.vTaskSwitchContext  tasks.o
    0x0800e428   0x0800e428   0x00000036   Code   RO         3815    i.validate          ff.o
    0x0800e45e   0x0800e45e   0x00000002   PAD
    0x0800e460   0x0800e460   0x00000044   Code   RO         4399    i.wifi_app_init     wifi_app_playtask.o
    0x0800e4a4   0x0800e4a4   0x00000544   Code   RO         4400    i.wifi_app_play_TASK  wifi_app_playtask.o
    0x0800e9e8   0x0800e9e8   0x000000f4   Code   RO         4401    i.wifi_connect      wifi_app_playtask.o
    0x0800eadc   0x0800eadc   0x000000a0   Code   RO         3308    i.xPortStartScheduler  port.o
    0x0800eb7c   0x0800eb7c   0x00000034   Code   RO         3309    i.xPortSysTickHandler  port.o
    0x0800ebb0   0x0800ebb0   0x00000074   Code   RO         2547    i.xQueueGenericCreate  queue.o
    0x0800ec24   0x0800ec24   0x000001c8   Code   RO         2548    i.xQueueGenericReceive  queue.o
    0x0800edec   0x0800edec   0x000000b0   Code   RO         2549    i.xQueueGenericReset  queue.o
    0x0800ee9c   0x0800ee9c   0x000001c4   Code   RO         2550    i.xQueueGenericSend  queue.o
    0x0800f060   0x0800f060   0x00000110   Code   RO         2551    i.xQueueGenericSendFromISR  queue.o
    0x0800f170   0x0800f170   0x000000a0   Code   RO         2801    i.xTaskCheckForTimeOut  tasks.o
    0x0800f210   0x0800f210   0x00000060   Code   RO         2802    i.xTaskCreate       tasks.o
    0x0800f270   0x0800f270   0x00000020   Code   RO         2806    i.xTaskGetSchedulerState  tasks.o
    0x0800f290   0x0800f290   0x0000000c   Code   RO         2807    i.xTaskGetTickCount  tasks.o
    0x0800f29c   0x0800f29c   0x00000160   Code   RO         2809    i.xTaskIncrementTick  tasks.o
    0x0800f3fc   0x0800f3fc   0x000000d8   Code   RO         2812    i.xTaskPriorityDisinherit  tasks.o
    0x0800f4d4   0x0800f4d4   0x000000b4   Code   RO         2813    i.xTaskRemoveFromEventList  tasks.o
    0x0800f588   0x0800f588   0x00000120   Code   RO         2815    i.xTaskResumeAll    tasks.o
    0x0800f6a8   0x0800f6a8   0x00000070   Code   RO         3134    i.xTimerCreateTimerTask  timers.o
    0x0800f718   0x0800f718   0x000000a0   Code   RO         3135    i.xTimerGenericCommand  timers.o
    0x0800f7b8   0x0800f7b8   0x00000018   Data   RO         3389    .constdata          malloc.o
    0x0800f7d0   0x0800f7d0   0x000003c0   Data   RO         3664    .constdata          mycc936.o
    0x0800fb90   0x0800fb90   0x0000003a   Data   RO         3816    .constdata          ff.o
    0x0800fbca   0x0800fbca   0x00000002   PAD
    0x0800fbcc   0x0800fbcc   0x00000010   Data   RO         4108    .constdata          fontupd.o
    0x0800fbdc   0x0800fbdc   0x000030b4   Data   RO         4314    .constdata          lcd_app_playtask.o
    0x08012c90   0x08012c90   0x000017c0   Data   RO         5171    .constdata          lcd.o
    0x08014450   0x08014450   0x00000081   Data   RO         6523    .constdata          mc_w.l(ctype_o.o)
    0x080144d1   0x080144d1   0x00000003   PAD
    0x080144d4   0x080144d4   0x00000004   Data   RO         6524    .constdata          mc_w.l(ctype_o.o)
    0x080144d8   0x080144d8   0x0000005f   Data   RO         4109    .conststring        fontupd.o
    0x08014537   0x08014537   0x00000001   PAD
    0x08014538   0x08014538   0x0000004d   Data   RO         4263    .conststring        actuator_app_playtask.o
    0x08014585   0x08014585   0x00000003   PAD
    0x08014588   0x08014588   0x0000033c   Data   RO         4403    .conststring        wifi_app_playtask.o
    0x080148c4   0x080148c4   0x0000044e   Data   RO         5497    .conststring        wifitocloud.o
    0x08014d12   0x08014d12   0x00000002   PAD
    0x08014d14   0x08014d14   0x00000020   Data   RO         6582    Region$$Table       anon$$obj.o


    Execution Region RW_IRAM1 (Exec base: 0x20000000, Load base: 0x08014d34, Size: 0x0000f2a8, Max: 0x00010000, ABSOLUTE, COMPRESSED[0x00000060])

    Exec Addr    Load Addr    Size         Type   Attr      Idx    E Section Name        Object

    0x20000000   COMPRESSED   0x00000004   Data   RW            6    .data               delay.o
    0x20000004   COMPRESSED   0x00000006   Data   RW          209    .data               usart.o
    0x2000000a   COMPRESSED   0x00000014   Data   RW         1067    .data               stm32f10x_rcc.o
    0x2000001e   COMPRESSED   0x00000002   PAD
    0x20000020   COMPRESSED   0x0000003c   Data   RW         2818    .data               tasks.o
    0x2000005c   COMPRESSED   0x00000014   Data   RW         3143    .data               timers.o
    0x20000070   COMPRESSED   0x00000018   Data   RW         3259    .data               heap_4.o
    0x20000088   COMPRESSED   0x0000000c   Data   RW         3310    .data               port.o
    0x20000094   COMPRESSED   0x0000001c   Data   RW         3390    .data               malloc.o
    0x200000b0   COMPRESSED   0x0000001c   Data   RW         3454    .data               exfuns.o
    0x200000cc   COMPRESSED   0x00000002   Data   RW         3697    .data               diskio.o
    0x200000ce   COMPRESSED   0x00000002   PAD
    0x200000d0   COMPRESSED   0x0000000a   Data   RW         3817    .data               ff.o
    0x200000da   COMPRESSED   0x00000002   PAD
    0x200000dc   COMPRESSED   0x00000018   Data   RW         4189    .data               get_sensors_datatask.o
    0x200000f4   COMPRESSED   0x0000001b   Data   RW         4362    .data               user_app_playtask.o
    0x2000010f   COMPRESSED   0x00000001   PAD
    0x20000110   COMPRESSED   0x0000001c   Data   RW         4404    .data               wifi_app_playtask.o
    0x2000012c   COMPRESSED   0x00000004   Data   RW         4534    .data               beep.o
    0x20000130   COMPRESSED   0x00000005   Data   RW         4682    .data               key1.o
    0x20000135   COMPRESSED   0x00000003   PAD
    0x20000138   COMPRESSED   0x0000000a   Data   RW         4963    .data               tim3_cap.o
    0x20000142   COMPRESSED   0x00000002   PAD
    0x20000144   COMPRESSED   0x00000008   Data   RW         5020    .data               usart2.o
    0x2000014c   COMPRESSED   0x00000005   Data   RW         5064    .data               usart4.o
    0x20000151   COMPRESSED   0x00000001   PAD
    0x20000152   COMPRESSED   0x00000004   Data   RW         5172    .data               lcd.o
    0x20000156   COMPRESSED   0x00000002   PAD
    0x20000158   COMPRESSED   0x00000009   Data   RW         5408    .data               hal_uart3.o
    0x20000161   COMPRESSED   0x00000003   PAD
    0x20000164   COMPRESSED   0x00000010   Data   RW         5586    .data               sdio_sdcard.o
    0x20000174   COMPRESSED   0x00000002   Data   RW         5764    .data               w25qxx.o
    0x20000176   COMPRESSED   0x00000002   Data   RW         5854    .data               encoder.o
    0x20000178   COMPRESSED   0x00000028   Data   RW         6042    .data               main.o
    0x200001a0   COMPRESSED   0x00000014   Data   RW         6140    .data               system_stm32f10x.o
    0x200001b4   COMPRESSED   0x00000004   Data   RW         6550    .data               mc_w.l(mvars.o)
    0x200001b8   COMPRESSED   0x00000004   Data   RW         6551    .data               mc_w.l(mvars.o)
    0x200001bc   COMPRESSED   0x00000004   Data   RW         6555    .data               mc_w.l(errno.o)
    0x200001c0        -       0x00000190   Zero   RW          208    .bss                usart.o
    0x20000350        -       0x00000040   Zero   RW         2562    .bss                queue.o
    0x20000390        -       0x000002e4   Zero   RW         2817    .bss                tasks.o
    0x20000674        -       0x00000028   Zero   RW         3142    .bss                timers.o
    0x2000069c        -       0x00003c00   Zero   RW         3258    .bss                heap_4.o
    0x2000429c   COMPRESSED   0x00000004   PAD
    0x200042a0        -       0x00007f80   Zero   RW         3388    .bss                malloc.o
    0x2000c220        -       0x00000021   Zero   RW         4107    .bss                fontupd.o
    0x2000c241   COMPRESSED   0x00000003   PAD
    0x2000c244        -       0x00000392   Zero   RW         4402    .bss                wifi_app_playtask.o
    0x2000c5d6        -       0x00000800   Zero   RW         4922    .bss                stmflash.o
    0x2000cdd6   COMPRESSED   0x00000002   PAD
    0x2000cdd8        -       0x00000800   Zero   RW         5019    .bss                usart2.o
    0x2000d5d8        -       0x00000200   Zero   RW         5063    .bss                usart4.o
    0x2000d7d8        -       0x0000000e   Zero   RW         5170    .bss                lcd.o
    0x2000d7e6        -       0x000001fe   Zero   RW         5407    .bss                hal_uart3.o
    0x2000d9e4   COMPRESSED   0x00000004   PAD
    0x2000d9e8        -       0x000002c0   Zero   RW         5585    .bss                sdio_sdcard.o
    0x2000dca8        -       0x00001000   Zero   RW         5763    .bss                w25qxx.o
    0x2000eca8        -       0x00000200   Zero   RW          267    HEAP                startup_stm32f10x_hd.o
    0x2000eea8        -       0x00000400   Zero   RW          266    STACK               startup_stm32f10x_hd.o



  Load Region LR$$.ARM.__AT_0x68000000 (Base: 0x68000000, Size: 0x00000000, Max: 0x00018000, ABSOLUTE)

    Execution Region ER$$.ARM.__AT_0x68000000 (Exec base: 0x68000000, Load base: 0x68000000, Size: 0x00018000, Max: 0x00018000, ABSOLUTE, UNINIT)

    Exec Addr    Load Addr    Size         Type   Attr      Idx    E Section Name        Object

    0x68000000        -       0x00018000   Zero   RW         3386    .ARM.__AT_0x68000000  malloc.o



  Load Region LR$$.ARM.__AT_0x68018000 (Base: 0x68018000, Size: 0x00000000, Max: 0x00001800, ABSOLUTE)

    Execution Region ER$$.ARM.__AT_0x68018000 (Exec base: 0x68018000, Load base: 0x68018000, Size: 0x00001800, Max: 0x00001800, ABSOLUTE, UNINIT)

    Exec Addr    Load Addr    Size         Type   Attr      Idx    E Section Name        Object

    0x68018000        -       0x00001800   Zero   RW         3387    .ARM.__AT_0x68018000  malloc.o


==============================================================================

Image component sizes


      Code (inc. data)   RO Data    RW Data    ZI Data      Debug   Object Name

       336         82         77          0          0       2669   actuator_app_playtask.o
       224         16          0          0          0       1528   adc.o
       128         20          0          4          0       1176   beep.o
       136         20          0          0          0       1914   countsensor.o
       244         26          0          4          0     316349   delay.o
       422         32          0          0          0       3620   dht11.o
       518         14          0          2          0       6804   diskio.o
       220         18          0          2          0       1712   encoder.o
         0          0          0          0          0      11756   event_groups.o
       132         18          0         28          0       4578   exfuns.o
      6080         64         58         10          0      34471   ff.o
      1484        156        111          0         33       5046   fontupd.o
       436        112          0         24          0       3884   get_sensors_datatask.o
       204         14          0          0          0       3656   gpio.o
       458         50          0          9        510       4235   hal_uart3.o
        80         18          0          0          0       2014   hal_wifitocloud.o
       744        168          0         24      15360       3743   heap_4.o
       388         52          0          5          0       3010   key1.o
     12432        172       6080          4         14      20387   lcd.o
      1544        340      12468          0          0       4498   lcd_app_playtask.o
       192         16          0          0          0       1360   led.o
       148          0          0          0          0       2934   list.o
       452        206          0         40          0       1850   main.o
       504         60         24         28     137088       5881   malloc.o
       172         22          0          0          0       1981   misc.o
       208         16        960          0          0       1843   mycc936.o
       120         12          0          0          0       1440   myspi.o
       934        304          0         12          0      10065   port.o
      2164        238          0          0         64      15033   queue.o
       984         40          0          0          0       7915   rc522.o
      7230        384          0         16        704      32510   sdio_sdcard.o
       156         12          0          0          0        720   sg90.o
       444         26          0          0          0       2262   spi.o
        36          8        304          0       1536        772   startup_stm32f10x_hd.o
       394         10          0          0          0       7837   stm32f10x_adc.o
       416          8          0          0          0       3342   stm32f10x_dma.o
       200         18          0          0          0       2036   stm32f10x_exti.o
       274         30          0          0          0       3326   stm32f10x_flash.o
       282          6          0          0          0       1761   stm32f10x_fsmc.o
       522         10          0          0          0       5548   stm32f10x_gpio.o
        20          0          0          0          0       2477   stm32f10x_it.o
       396         56          0         20          0       6535   stm32f10x_rcc.o
       304         72          0          0          0       7798   stm32f10x_sdio.o
       112          0          0          0          0       3730   stm32f10x_spi.o
       468         52          0          0          0       6848   stm32f10x_tim.o
       590         28          0          0          0       6544   stm32f10x_usart.o
       310         10          0          0       2048       3345   stmflash.o
       122          0          0          0          0        740   syn6288.o
         8          0          0          0          0        829   sys.o
       328         28          0         20          0       2081   system_stm32f10x.o
      3406        878          0         60        740      27975   tasks.o
       618         14          0          0          0       3271   text.o
       196         10          0         10          0        993   tim3_cap.o
       180         26          0          0          0       1102   tim7.o
      1290        292          0         20         40       8203   timers.o
       480         90          0          6        400       4210   usart.o
       328         30          0          8       2048       2516   usart2.o
       386         30          0          5        512       3846   usart4.o
       440        164          0         27          0       3584   user_app_playtask.o
         8          0          0          0          0        422   w25q64.o
       760         70          0          2       4096       6597   w25qxx.o
      2994       1378        828         28        914       9951   wifi_app_playtask.o
      2172        754       1102          0          0       6707   wifitocloud.o

    ----------------------------------------------------------------------
     58016       6800      22052        436     166120     667770   Object Totals
         0          0         32          0          0          0   (incl. Generated)
        58          0          8         18         13          0   (incl. Padding)

    ----------------------------------------------------------------------

      Code (inc. data)   RO Data    RW Data    ZI Data      Debug   Library Member Name

        58          0          0          0          0          0   __dczerorl.o
        28          0          0          0          0         68   _chval.o
       158          0          0          0          0         92   _strtoul.o
        26          0          0          0          0         80   atoi.o
         8          4        133          0          0         68   ctype_o.o
         0          0          0          0          0          0   entry.o
         0          0          0          0          0          0   entry10a.o
         0          0          0          0          0          0   entry11a.o
         8          4          0          0          0          0   entry2.o
         4          0          0          0          0          0   entry5.o
         0          0          0          0          0          0   entry7b.o
         0          0          0          0          0          0   entry8b.o
         8          4          0          0          0          0   entry9a.o
         8          4          0          4          0         68   errno.o
        30          0          0          0          0          0   handlers.o
        36          8          0          0          0         68   init.o
         0          0          0          0          0          0   iusefp.o
        98          0          0          0          0         84   ldiv.o
        30          0          0          0          0         68   llshl.o
        36          0          0          0          0         68   llsshr.o
        32          0          0          0          0         68   llushr.o
       188         20          0          0          0        160   malloc.o
        36          0          0          0          0         68   memcpya.o
        36          0          0          0          0        108   memseta.o
         0          0          0          8          0          0   mvars.o
      2344        102          0          0          0        684   printfa.o
        24          0          0          0          0         68   strcat.o
        18          0          0          0          0         68   strcpy.o
        14          0          0          0          0         68   strlen.o
        24          0          0          0          0         76   strncpy.o
        36          0          0          0          0         80   strstr.o
       112          0          0          0          0         88   strtol.o
        44          0          0          0          0         80   uidiv.o
        98          0          0          0          0         92   uldiv.o
        48          0          0          0          0         68   cdrcmple.o
        20          0          0          0          0         68   cfcmple.o
       334          0          0          0          0        148   dadd.o
       222          0          0          0          0        100   ddiv.o
       186          0          0          0          0        176   depilogue.o
        50          0          0          0          0         76   dfixui.o
        48          0          0          0          0         68   dfixul.o
        26          0          0          0          0         76   dfltui.o
       228          0          0          0          0         96   dmul.o
       124          0          0          0          0         88   fdiv.o
       110          0          0          0          0        168   fepilogue.o
        40          0          0          0          0         68   ffixui.o
        10          0          0          0          0         68   ffltui.o
       100          0          0          0          0         76   fmul.o

    ----------------------------------------------------------------------
      5096        146        136         12          0       3716   Library Totals
         8          0          3          0          0          0   (incl. Padding)

    ----------------------------------------------------------------------

      Code (inc. data)   RO Data    RW Data    ZI Data      Debug   Library Name

      3542        146        133         12          0       2372   mc_w.l
      1546          0          0          0          0       1344   mf_w.l

    ----------------------------------------------------------------------
      5096        146        136         12          0       3716   Library Totals

    ----------------------------------------------------------------------

==============================================================================


      Code (inc. data)   RO Data    RW Data    ZI Data      Debug   

     63112       6946      22188        448     166120     649930   Grand Totals
     63112       6946      22188         96     166120     649930   ELF Image Totals (compressed)
     63112       6946      22188         96          0          0   ROM Totals

==============================================================================

    Total RO  Size (Code + RO Data)                85300 (  83.30kB)
    Total RW  Size (RW Data + ZI Data)            166568 ( 162.66kB)
    Total ROM Size (Code + RO Data + RW Data)      85396 (  83.39kB)

==============================================================================

